Archive member included to satisfy reference by file (symbol)

C:/devkitPro/devkitARM/bin/../lib/gcc/arm-none-eabi/16.1.0/thumb\libgcc.a(_sync_none.o)
                              (__sync_synchronize_none)

Merging object attributes


Discarded input sections

 .text          0x00000000        0x0 C:/devkitPro/devkitARM/bin/../lib/gcc/arm-none-eabi/16.1.0/../../../../arm-none-eabi/lib/thumb/gba_crt0.o
 .data          0x00000000        0x0 C:/devkitPro/devkitARM/bin/../lib/gcc/arm-none-eabi/16.1.0/../../../../arm-none-eabi/lib/thumb/gba_crt0.o
 .bss           0x00000000        0x0 C:/devkitPro/devkitARM/bin/../lib/gcc/arm-none-eabi/16.1.0/../../../../arm-none-eabi/lib/thumb/gba_crt0.o
 .text          0x00000000        0x0 C:/devkitPro/devkitARM/bin/../lib/gcc/arm-none-eabi/16.1.0/thumb/crti.o
 .data          0x00000000        0x0 C:/devkitPro/devkitARM/bin/../lib/gcc/arm-none-eabi/16.1.0/thumb/crti.o
 .bss           0x00000000        0x0 C:/devkitPro/devkitARM/bin/../lib/gcc/arm-none-eabi/16.1.0/thumb/crti.o
 .text          0x00000000        0x0 C:/devkitPro/devkitARM/bin/../lib/gcc/arm-none-eabi/16.1.0/thumb/crtbegin.o
 .data          0x00000000        0x0 C:/devkitPro/devkitARM/bin/../lib/gcc/arm-none-eabi/16.1.0/thumb/crtbegin.o
 .bss           0x00000000        0x0 C:/devkitPro/devkitARM/bin/../lib/gcc/arm-none-eabi/16.1.0/thumb/crtbegin.o
 .rodata.all_implied_fbits
                0x00000000       0x24 C:/devkitPro/devkitARM/bin/../lib/gcc/arm-none-eabi/16.1.0/thumb/crtbegin.o
 .data.__dso_handle
                0x00000000        0x4 C:/devkitPro/devkitARM/bin/../lib/gcc/arm-none-eabi/16.1.0/thumb/crtbegin.o
 .text          0x00000000        0x0 bn_audio_soundbank.bin.o
 .data          0x00000000        0x0 bn_audio_soundbank.bin.o
 .bss           0x00000000        0x0 bn_audio_soundbank.bin.o
 .text          0x00000000        0x0 bacon_bn_gfx.o
 .data          0x00000000        0x0 bacon_bn_gfx.o
 .bss           0x00000000        0x0 bacon_bn_gfx.o
 .text          0x00000000        0x0 banana_bn_gfx.o
 .data          0x00000000        0x0 banana_bn_gfx.o
 .bss           0x00000000        0x0 banana_bn_gfx.o
 .text          0x00000000        0x0 circle_bn_gfx.o
 .data          0x00000000        0x0 circle_bn_gfx.o
 .bss           0x00000000        0x0 circle_bn_gfx.o
 .text          0x00000000        0x0 common_fixed_8x16_font_bn_gfx.o
 .data          0x00000000        0x0 common_fixed_8x16_font_bn_gfx.o
 .bss           0x00000000        0x0 common_fixed_8x16_font_bn_gfx.o
 .text          0x00000000        0x0 cow_meat_bn_gfx.o
 .data          0x00000000        0x0 cow_meat_bn_gfx.o
 .bss           0x00000000        0x0 cow_meat_bn_gfx.o
 .text          0x00000000        0x0 ds_bn_gfx.o
 .data          0x00000000        0x0 ds_bn_gfx.o
 .bss           0x00000000        0x0 ds_bn_gfx.o
 .rodata        0x00000000     0x2c00 ds_bn_gfx.o
 .text          0x00000000        0x0 fried_c_bn_gfx.o
 .data          0x00000000        0x0 fried_c_bn_gfx.o
 .bss           0x00000000        0x0 fried_c_bn_gfx.o
 .text          0x00000000        0x0 grape_bn_gfx.o
 .data          0x00000000        0x0 grape_bn_gfx.o
 .bss           0x00000000        0x0 grape_bn_gfx.o
 .text          0x00000000        0x0 main_menu_bn_gfx.o
 .data          0x00000000        0x0 main_menu_bn_gfx.o
 .bss           0x00000000        0x0 main_menu_bn_gfx.o
 .text          0x00000000        0x0 red_bn_gfx.o
 .data          0x00000000        0x0 red_bn_gfx.o
 .bss           0x00000000        0x0 red_bn_gfx.o
 .group         0x00000000        0xc main.o
 .group         0x00000000        0xc main.o
 .group         0x00000000        0xc main.o
 .group         0x00000000        0xc main.o
 .group         0x00000000        0xc main.o
 .group         0x00000000        0xc main.o
 .group         0x00000000        0xc main.o
 .group         0x00000000        0xc main.o
 .group         0x00000000        0xc main.o
 .group         0x00000000        0xc main.o
 .group         0x00000000        0xc main.o
 .text          0x00000000        0x0 main.o
 .data          0x00000000        0x0 main.o
 .bss           0x00000000        0x0 main.o
 .text._Z5deathv
                0x00000000       0x40 main.o
 .text._Z14randomPositionRN2bn10sprite_ptrERNS_6randomE
                0x00000000       0x5c main.o
 .text._Z8timerOffRii
                0x00000000       0x1c main.o
 .rodata._ZN2bn16regular_bg_items2dsE
                0x00000000       0x28 main.o
 .group         0x00000000        0xc bn_affine_bg_animate_actions.o
 .group         0x00000000        0xc bn_affine_bg_animate_actions.o
 .group         0x00000000        0xc bn_affine_bg_animate_actions.o
 .group         0x00000000        0xc bn_affine_bg_animate_actions.o
 .group         0x00000000        0xc bn_affine_bg_animate_actions.o
 .group         0x00000000        0xc bn_affine_bg_animate_actions.o
 .group         0x00000000        0xc bn_affine_bg_animate_actions.o
[...]
Memory Configuration

Name             Origin             Length             Attributes
rom              0x08000000         0x02000000
iwram            0x03000000         0x00008000
ewram            0x02000000         0x00040000
*default*        0x00000000         0xffffffff

Linker script and memory map

                0x00000000                        __sync_synchronize = __sync_synchronize_none
                0x08000000                        __text_start = ORIGIN (rom)
                0x02040000                        __eheap_end = (ORIGIN (ewram) + LENGTH (ewram))
                0x03000000                        __iwram_start = ORIGIN (iwram)
                0x03008000                        __iwram_top = (ORIGIN (iwram) + LENGTH (iwram))
                0x03007fa0                        __sp_irq = (__iwram_top - 0x60)
                0x03007f00                        __sp_usr = (__sp_irq - 0xa0)
                0x03007ff8                        __irq_flags = 0x3007ff8
                0x08000000                        . = __text_start

.crt0           0x08000000      0x210
 *(.crt0)
 .crt0          0x08000000      0x210 C:/devkitPro/devkitARM/bin/../lib/gcc/arm-none-eabi/16.1.0/../../../../arm-none-eabi/lib/thumb/gba_crt0.o
                0x08000000                _start
                0x080000c4                __boot_method
                0x080000c5                __slave_number
                0x080000e0                start_vector
                0x08000210                        . = ALIGN (0x4)

.init           0x08000210        0xc
 *(SORT_NONE(.init))
 .init          0x08000210        0x4 C:/devkitPro/devkitARM/bin/../lib/gcc/arm-none-eabi/16.1.0/thumb/crti.o
                0x08000210                _init
 .init          0x08000214        0x8 C:/devkitPro/devkitARM/bin/../lib/gcc/arm-none-eabi/16.1.0/thumb/crtn.o

.plt            0x0800021c        0x0
 *(.plt)
                0x0800021c                        . = ALIGN (0x4)

.text           0x08000220    0x175a0
 *(EXCLUDE_FILE(*.iwram*) .text*)
 .text.__do_global_dtors_aux
                0x08000220       0x2c C:/devkitPro/devkitARM/bin/../lib/gcc/arm-none-eabi/16.1.0/thumb/crtbegin.o
 .text.frame_dummy
                0x0800024c       0x24 C:/devkitPro/devkitARM/bin/../lib/gcc/arm-none-eabi/16.1.0/thumb/crtbegin.o
 .text._Z9play_menuv
                0x08000270       0x3c main.o
                0x08000270                play_menu()
 .text._Z8movementRN2bn10sprite_ptrERi
                0x080002ac       0xd4 main.o
                0x080002ac                movement(bn::sprite_ptr&, int&)
 .text._ZN3_bn6assert9show_argsIJA19_ciA4_ciEEEvPKcS5_S5_iDpRKT_
                0x08000380       0x64 main.o
                0x08000380                void _bn::assert::show_args<char [19], int, char [4], int>(char const*, char const*, char const*, int, char const (&) [19], int const&, char const (&) [4], int const&)
 .text._Z11updateScoreRN2bn21sprite_text_generatorERKNS_13fixed_point_tILi12EEERNS_6vectorINS_10sprite_ptrELi32EEERNS_6stringILi32EEEi
                0x080003e4      0x120 main.o
                0x080003e4                updateScore(bn::sprite_text_generator&, bn::fixed_point_t<12> const&, bn::vector<bn::sprite_ptr, 32>&, bn::string<32>&, int)
 .text._ZN3_bn6assert9show_argsIA15_cEEvPKcS4_S4_iRKT_
                0x08000504       0x48 main.o
                0x08000504                void _bn::assert::show_args<char [15]>(char const*, char const*, char const*, int, char const (&) [15])
 .text._Z9game_playv
                0x0800054c      0x2d8 main.o
                0x0800054c                game_play()
 .text.startup.main
                0x08000824       0x10 main.o
                0x08000824                main
 .text._ZN2bn13ostringstream11append_argsIiJA4_ciEEEvRKT_DpRKT0_.isra.0
                0x08000834       0x24 bn_affine_bg_animate_actions.o
 .text._ZN3_bn6assert9show_argsIJA16_ciA4_ciEEEvPKcS5_S5_iDpRKT_
                0x08000858       0x58 bn_affine_bg_animate_actions.o
                0x08000858                void _bn::assert::show_args<char [16], int, char [4], int>(char const*, char const*, char const*, int, char const (&) [16], int const&, char const (&) [4], int const&)
 .text._ZN3_bn6assert9show_argsIJA23_ciA4_ciEEEvPKcS5_S5_iDpRKT_
                0x080008b0       0x58 bn_affine_bg_animate_actions.o
                0x080008b0                void _bn::assert::show_args<char [23], int, char [4], int>(char const*, char const*, char const*, int, char const (&) [23], int const&, char const (&) [4], int const&)
 .text._ZN3_bn6assert9show_argsIA24_ciEEvPKcS4_S4_iRKT_RKT0_
                0x08000908       0x54 bn_affine_bg_animate_actions.o
                0x08000908                void _bn::assert::show_args<char [24], int>(char const*, char const*, char const*, int, char const (&) [24], int const&)
 .text._ZN3_bn6assert9show_argsIA28_ciEEvPKcS4_S4_iRKT_RKT0_
                0x0800095c       0x54 bn_affine_bg_animate_actions.o
                0x0800095c                void _bn::assert::show_args<char [28], int>(char const*, char const*, char const*, int, char const (&) [28], int const&)
 .text._ZN2bn13audio_manager4initEv
                0x080009b0       0x60 bn_audio_manager.bn_noflto.o
                0x080009b0                bn::audio_manager::init()
 .text._ZN2bn13audio_manager7disableEv
                0x08000a10       0x10 bn_audio_manager.bn_noflto.o
                0x08000a10                bn::audio_manager::disable()
 .text._ZN2bn13audio_manager10sound_dataEt
                0x08000a20       0x5c bn_audio_manager.bn_noflto.o
                0x08000a20                bn::audio_manager::sound_data(unsigned short)
 .text._ZN2bn13audio_manager6updateEv
                0x08000a7c       0x18 bn_audio_manager.bn_noflto.o
                0x08000a7c                bn::audio_manager::update()
 .text._ZN2bn13audio_manager13vblank_commitEv
                0x08000a94       0x2c bn_audio_manager.bn_noflto.o
                0x08000a94                bn::audio_manager::vblank_commit()
 .text._ZN2bn13audio_manager14delayed_commitEv
                0x08000ac0       0x34 bn_audio_manager.bn_noflto.o
                0x08000ac0                bn::audio_manager::delayed_commit()
 .text._ZN2bn13audio_manager4stopEv
                0x08000af4       0x78 bn_audio_manager.bn_noflto.o
                0x08000af4                bn::audio_manager::stop()
 .text._ZN3_bn6assert9show_argsIA18_ciEEvPKcS4_S4_iRKT_RKT0_
                0x08000b6c       0x54 bn_audio_manager.bn_noflto.o
                0x08000b6c                void _bn::assert::show_args<char [18], int>(char const*, char const*, char const*, int, char const (&) [18], int const&)
 .text._ZN3_bn6assert9show_argsIA14_ciEEvPKcS4_S4_iRKT_RKT0_
                0x08000bc0       0x54 bn_audio_manager.bn_noflto.o
                0x08000bc0                void _bn::assert::show_args<char [14], int>(char const*, char const*, char const*, int, char const (&) [14], int const&)
 .text._ZN3_bn6assert9show_argsIA26_ciEEvPKcS4_S4_iRKT_RKT0_
                0x08000c14       0x54 bn_audio_manager.bn_noflto.o
                0x08000c14                void _bn::assert::show_args<char [26], int>(char const*, char const*, char const*, int, char const (&) [26], int const&)
 .text._ZN3_bn6assert9show_argsIA33_cEEvPKcS4_S4_iRKT_
                0x08000c68       0x48 bn_audio_manager.bn_noflto.o
                0x08000c68                void _bn::assert::show_args<char [33]>(char const*, char const*, char const*, int, char const (&) [33])
 .text._ZN3_bn6assert9show_argsIA25_cEEvPKcS4_S4_iRKT_
                0x08000cb0       0x48 bn_audio_manager.bn_noflto.o
                0x08000cb0                void _bn::assert::show_args<char [25]>(char const*, char const*, char const*, int, char const (&) [25])
 .text._ZN3_bn6assert9show_argsIA24_cEEvPKcS4_S4_iRKT_
                0x08000cf8       0x48 bn_audio_manager.bn_noflto.o
                0x08000cf8                void _bn::assert::show_args<char [24]>(char const*, char const*, char const*, int, char const (&) [24])
 .text._ZN3_bn6assert9show_argsIA20_cEEvPKcS4_S4_iRKT_
                0x08000d40       0x48 bn_audio_manager.bn_noflto.o
                0x08000d40                void _bn::assert::show_args<char [20]>(char const*, char const*, char const*, int, char const (&) [20])
 .text._ZN3_bn6assert9show_argsIA26_cEEvPKcS4_S4_iRKT_
                0x08000d88       0x48 bn_audio_manager.bn_noflto.o
                0x08000d88                void _bn::assert::show_args<char [26]>(char const*, char const*, char const*, int, char const (&) [26])
 .text._ZN3_bn6assert9show_argsIA21_cEEvPKcS4_S4_iRKT_
                0x08000dd0       0x48 bn_audio_manager.bn_noflto.o
                0x08000dd0                void _bn::assert::show_args<char [21]>(char const*, char const*, char const*, int, char const (&) [21])
 .text._ZN3_bn6assert9show_argsIA22_cEEvPKcS4_S4_iRKT_
                0x08000e18       0x48 bn_audio_manager.bn_noflto.o
                0x08000e18                void _bn::assert::show_args<char [22]>(char const*, char const*, char const*, int, char const (&) [22])
 .text._ZN3_bn6assert9show_argsIA25_ciEEvPKcS4_S4_iRKT_RKT0_
                0x08000e60       0x54 bn_audio_manager.bn_noflto.o
                0x08000e60                void _bn::assert::show_args<char [25], int>(char const*, char const*, char const*, int, char const (&) [25], int const&)
 .text._ZN2bn13audio_manager16execute_commandsEv
                0x08000eb4      0x770 bn_audio_manager.bn_noflto.o
                0x08000eb4                bn::audio_manager::execute_commands()
 .text._ZN3_bn6assert9show_argsIA17_cEEvPKcS4_S4_iRKT_
                0x08001624       0x48 bn_audio_manager.bn_noflto.o
                0x08001624                void _bn::assert::show_args<char [17]>(char const*, char const*, char const*, int, char const (&) [17])
 .text._ZN2bn18best_fit_allocator4freeEPv
                0x0800166c      0x110 bn_best_fit_allocator.o
                0x0800166c                bn::best_fit_allocator::free(void*)
 .text._ZN3_bn6assert9show_argsIA23_cEEvPKcS4_S4_iRKT_
                0x0800177c       0x48 bn_best_fit_allocator.o
                0x0800177c                void _bn::assert::show_args<char [23]>(char const*, char const*, char const*, int, char const (&) [23])
 .text._ZN3_bn6assert9show_argsIA16_ciEEvPKcS4_S4_iRKT_RKT0_
                0x080017c4       0x54 bn_best_fit_allocator.o
                0x080017c4                void _bn::assert::show_args<char [16], int>(char const*, char const*, char const*, int, char const (&) [16], int const&)
 .text._ZN3_bn6assert9show_argsIA20_ciEEvPKcS4_S4_iRKT_RKT0_
                0x08001818       0x54 bn_best_fit_allocator.o
                0x08001818                void _bn::assert::show_args<char [20], int>(char const*, char const*, char const*, int, char const (&) [20], int const&)
 .text._ZN3_bn6assert9show_argsIA14_cEEvPKcS4_S4_iRKT_
                0x0800186c       0x48 bn_best_fit_allocator.o
                0x0800186c                void _bn::assert::show_args<char [14]>(char const*, char const*, char const*, int, char const (&) [14])
 .text._ZN2bn18best_fit_allocator5resetEPvi
                0x080018b4       0xd4 bn_best_fit_allocator.o
                0x080018b4                bn::best_fit_allocator::reset(void*, int)
 .text._ZN2bn17bg_blocks_manager12_GLOBAL__N_1L17_hw_commit_offsetEPKtjtPt
                0x08001988       0x74 bn_bg_blocks_manager.o
 .text._ZN2bn13ostringstream11append_argsIiJA4_ctEEEvRKT_DpRKT0_.isra.0
                0x080019fc       0x24 bn_bg_blocks_manager.o
 .text._ZN2bn13ostringstream11append_argsIiJA4_ciEEEvRKT_DpRKT0_.isra.0
                0x08001a20       0x24 bn_bg_blocks_manager.o
 .text._ZN2bn17bg_blocks_manager15decrease_usagesEi.part.0
                0x08001a44      0x130 bn_bg_blocks_manager.o
 .text._ZN2bn17bg_blocks_manager12_GLOBAL__N_110items_list12insert_afterEiRKNS1_9item_typeE.constprop.0
                0x08001b74      0x2b4 bn_bg_blocks_manager.o
 .text._ZN2bn18regular_bg_map_ptrD2Ev
                0x08001e28       0x34 bn_bg_blocks_manager.o
                0x08001e28                bn::regular_bg_map_ptr::~regular_bg_map_ptr()
                0x08001e28                bn::regular_bg_map_ptr::~regular_bg_map_ptr()
 .text._ZNK2bn18regular_bg_map_ptr2idEv
                0x08001e5c       0x18 bn_bg_blocks_manager.o
                0x08001e5c                bn::regular_bg_map_ptr::id() const
 .text._ZNK2bn18regular_bg_map_ptr10dimensionsEv
                0x08001e74       0x20 bn_bg_blocks_manager.o
                0x08001e74                bn::regular_bg_map_ptr::dimensions() const
 .text._ZNK2bn18regular_bg_map_ptr3bigEv
                0x08001e94       0x1c bn_bg_blocks_manager.o
                0x08001e94                bn::regular_bg_map_ptr::big() const
 .text._ZNK2bn18regular_bg_map_ptr3bppEv
                0x08001eb0       0x1c bn_bg_blocks_manager.o
                0x08001eb0                bn::regular_bg_map_ptr::bpp() const
 .text._ZNK2bn20regular_bg_tiles_ptr3cbbEv
                0x08001ecc       0x18 bn_bg_blocks_manager.o
                0x08001ecc                bn::regular_bg_tiles_ptr::cbb() const
 .text._ZN2bn17affine_bg_map_ptrD2Ev
                0x08001ee4       0x34 bn_bg_blocks_manager.o
                0x08001ee4                bn::affine_bg_map_ptr::~affine_bg_map_ptr()
                0x08001ee4                bn::affine_bg_map_ptr::~affine_bg_map_ptr()
 .text._ZNK2bn17affine_bg_map_ptr2idEv
                0x08001f18       0x18 bn_bg_blocks_manager.o
                0x08001f18                bn::affine_bg_map_ptr::id() const
 .text._ZNK2bn17affine_bg_map_ptr10dimensionsEv
                0x08001f30       0x20 bn_bg_blocks_manager.o
                0x08001f30                bn::affine_bg_map_ptr::dimensions() const
 .text._ZNK2bn19affine_bg_tiles_ptr3cbbEv
                0x08001f50       0x18 bn_bg_blocks_manager.o
                0x08001f50                bn::affine_bg_tiles_ptr::cbb() const
 .text._ZN2bn17bg_blocks_manager4initEv
                0x08001f68       0x94 bn_bg_blocks_manager.o
                0x08001f68                bn::bg_blocks_manager::init()
 .text._ZN2bn17bg_blocks_manager10log_statusEv
                0x08001ffc      0x440 bn_bg_blocks_manager.o
                0x08001ffc                bn::bg_blocks_manager::log_status()
 .text._ZN2bn17bg_blocks_manager15decrease_usagesEi
                0x0800243c       0x28 bn_bg_blocks_manager.o
                0x0800243c                bn::bg_blocks_manager::decrease_usages(int)
 .text._ZN2bn17bg_blocks_manager11must_commitEi
                0x08002464       0x18 bn_bg_blocks_manager.o
                0x08002464                bn::bg_blocks_manager::must_commit(int)
 .text._ZN2bn17bg_blocks_manager6updateEv
                0x0800247c      0x240 bn_bg_blocks_manager.o
                0x0800247c                bn::bg_blocks_manager::update()
 .text._ZN3_bn6assert9show_argsIA15_ciEEvPKcS4_S4_iRKT_RKT0_
                0x080026bc       0x54 bn_bg_blocks_manager.o
                0x080026bc                void _bn::assert::show_args<char [15], int>(char const*, char const*, char const*, int, char const (&) [15], int const&)
 .text._ZN3_bn6assert9show_argsIA52_ctEEvPKcS4_S4_iRKT_RKT0_
                0x08002710       0x54 bn_bg_blocks_manager.o
                0x08002710                void _bn::assert::show_args<char [52], unsigned short>(char const*, char const*, char const*, int, char const (&) [52], unsigned short const&)
 .text._ZNK2bn19regular_bg_map_item9cells_ptrEi.part.0
                0x08002764       0x28 bn_bg_blocks_manager.o
 .text._ZN3_bn6assert9show_argsIJA20_ciA4_ctEEEvPKcS5_S5_iDpRKT_
                0x0800278c       0x58 bn_bg_blocks_manager.o
                0x0800278c                void _bn::assert::show_args<char [20], int, char [4], unsigned short>(char const*, char const*, char const*, int, char const (&) [20], int const&, char const (&) [4], unsigned short const&)
 .text._ZN3_bn6assert9show_argsIJA22_ciA4_ciEEEvPKcS5_S5_iDpRKT_
                0x080027e4       0x58 bn_bg_blocks_manager.o
                0x080027e4                void _bn::assert::show_args<char [22], int, char [4], int>(char const*, char const*, char const*, int, char const (&) [22], int const&, char const (&) [4], int const&)
 .text._ZN3_bn6assert9show_argsIJA58_ciA4_ciEEEvPKcS5_S5_iDpRKT_
                0x0800283c       0x58 bn_bg_blocks_manager.o
                0x0800283c                void _bn::assert::show_args<char [58], int, char [4], int>(char const*, char const*, char const*, int, char const (&) [58], int const&, char const (&) [4], int const&)
 .text._ZN3_bn6assert9show_argsIA38_cEEvPKcS4_S4_iRKT_
                0x08002894       0x48 bn_bg_blocks_manager.o
                0x08002894                void _bn::assert::show_args<char [38]>(char const*, char const*, char const*, int, char const (&) [38])
 .text._ZN3_bn6assert9show_argsIA27_ciEEvPKcS4_S4_iRKT_RKT0_
                0x080028dc       0x54 bn_bg_blocks_manager.o
                0x080028dc                void _bn::assert::show_args<char [27], int>(char const*, char const*, char const*, int, char const (&) [27], int const&)
 .text._ZN2bn17bg_blocks_manager12_GLOBAL__N_1L10_hw_commitEPKtNS_16compression_typeEibPt
                0x08002930       0x68 bn_bg_blocks_manager.o
 .text._ZN3_bn6assert9show_argsIA19_cEEvPKcS4_S4_iRKT_
                0x08002998       0x48 bn_bg_blocks_manager.o
                0x08002998                void _bn::assert::show_args<char [19]>(char const*, char const*, char const*, int, char const (&) [19])
 .text._ZN3_bn6assert9show_argsIA22_ciEEvPKcS4_S4_iRKT_RKT0_
                0x080029e0       0x54 bn_bg_blocks_manager.o
                0x080029e0                void _bn::assert::show_args<char [22], int>(char const*, char const*, char const*, int, char const (&) [22], int const&)
 .text._ZN2bn17bg_blocks_manager12_GLOBAL__N_1L16_find_tiles_implEPKtNS_16compression_typeEiNS_8bpp_modeEb
                0x08002a34      0x104 bn_bg_blocks_manager.o
 .text._ZN2bn17bg_blocks_manager12_GLOBAL__N_1L17_fix_blocks_countERKNS1_9item_typeEi
                0x08002b38       0x7c bn_bg_blocks_manager.o
 .text._ZN3_bn6assert9show_argsIJA32_cA15_cPKtA16_ciA17_ciA34_cN2bn11string_viewEEEEvPKcSC_SC_iDpRKT_
                0x08002bb4       0x90 bn_bg_blocks_manager.o
                0x08002bb4                void _bn::assert::show_args<char [32], char [15], unsigned short const*, char [16], int, char [17], int, char [34], bn::string_view>(char const*, char const*, char const*, int, char const (&) [32], char const (&) [15], unsigned short const* const&, char const (&) [16], int const&, char const (&) [17], int const&, char const (&) [34], bn::string_view const&)
 .text._ZN3_bn6assert9show_argsIJA39_ciA4_ciEEEvPKcS5_S5_iDpRKT_
                0x08002c44       0x58 bn_bg_blocks_manager.o
                0x08002c44                void _bn::assert::show_args<char [39], int, char [4], int>(char const*, char const*, char const*, int, char const (&) [39], int const&, char const (&) [4], int const&)
 .text._ZN3_bn6assert9show_argsIA31_cEEvPKcS4_S4_iRKT_
                0x08002c9c       0x48 bn_bg_blocks_manager.o
                0x08002c9c                void _bn::assert::show_args<char [31]>(char const*, char const*, char const*, int, char const (&) [31])
 .text._ZN3_bn6assert9show_argsIJA35_ciA4_ciEEEvPKcS5_S5_iDpRKT_
                0x08002ce4       0x58 bn_bg_blocks_manager.o
                0x08002ce4                void _bn::assert::show_args<char [35], int, char [4], int>(char const*, char const*, char const*, int, char const (&) [35], int const&, char const (&) [4], int const&)
 .text._ZN3_bn6assert9show_argsIJA37_ciA4_ciEEEvPKcS5_S5_iDpRKT_
                0x08002d3c       0x58 bn_bg_blocks_manager.o
                0x08002d3c                void _bn::assert::show_args<char [37], int, char [4], int>(char const*, char const*, char const*, int, char const (&) [37], int const&, char const (&) [4], int const&)
 .text._ZNK2bn8optionalINS_19affine_bg_tiles_ptrEEptEv.part.0
                0x08002d94       0x28 bn_bg_blocks_manager.o
 .text._ZN2bn17bg_blocks_manager21set_regular_map_tilesEiONS_20regular_bg_tiles_ptrE
                0x08002dbc      0x1f4 bn_bg_blocks_manager.o
                0x08002dbc                bn::bg_blocks_manager::set_regular_map_tiles(int, bn::regular_bg_tiles_ptr&&)
 .text._ZN2bn17bg_blocks_manager22update_regular_map_colEiii
                0x08002fb0      0x1c0 bn_bg_blocks_manager.o
                0x08002fb0                bn::bg_blocks_manager::update_regular_map_col(int, int, int)
 .text._ZN2bn17bg_blocks_manager22update_regular_map_rowEiii
                0x08003170      0x16c bn_bg_blocks_manager.o
                0x08003170                bn::bg_blocks_manager::update_regular_map_row(int, int, int)
 .text._ZN2bn17bg_blocks_manager24set_regular_map_positionEiii
                0x080032dc      0x22c bn_bg_blocks_manager.o
                0x080032dc                bn::bg_blocks_manager::set_regular_map_position(int, int, int)
 .text._ZN2bn17bg_blocks_manager33set_regular_map_tiles_and_paletteEiONS_20regular_bg_tiles_ptrEONS_14bg_palette_ptrE
                0x08003508      0x2d8 bn_bg_blocks_manager.o
                0x08003508                bn::bg_blocks_manager::set_regular_map_tiles_and_palette(int, bn::regular_bg_tiles_ptr&&, bn::bg_palette_ptr&&)
 .text._ZN2bn17bg_blocks_manager12_GLOBAL__N_1L12_commit_itemERKNS1_9item_typeEb
                0x080037e0      0x1b8 bn_bg_blocks_manager.o
 .text._ZN2bn17bg_blocks_manager19commit_uncompressedEb
                0x08003998       0xf0 bn_bg_blocks_manager.o
                0x08003998                bn::bg_blocks_manager::commit_uncompressed(bool)
 .text._ZN2bn17bg_blocks_manager17commit_compressedEv
                0x08003a88       0x48 bn_bg_blocks_manager.o
                0x08003a88                bn::bg_blocks_manager::commit_compressed()
 .text._ZN2bn17bg_blocks_manager12_GLOBAL__N_1L12_create_itemEiibONS1_11create_dataE
                0x08003ad0      0x5d0 bn_bg_blocks_manager.o
 .text._ZN2bn17bg_blocks_manager12_GLOBAL__N_1L12_create_implEONS1_11create_dataE
                0x080040a0      0x1e4 bn_bg_blocks_manager.o
 .text._ZN2bn17bg_blocks_manager20create_regular_tilesERKNS_21regular_bg_tiles_itemEbb
                0x08004284      0x1d8 bn_bg_blocks_manager.o
                0x08004284                bn::bg_blocks_manager::create_regular_tiles(bn::regular_bg_tiles_item const&, bool, bool)
 .text._ZN2bn17bg_blocks_manager21update_affine_map_rowEiii
                0x0800445c      0x144 bn_bg_blocks_manager.o
                0x0800445c                bn::bg_blocks_manager::update_affine_map_row(int, int, int)
 .text._ZN2bn17bg_blocks_manager28update_affine_map_bottom_rowEiii
                0x080045a0       0x30 bn_bg_blocks_manager.o
                0x080045a0                bn::bg_blocks_manager::update_affine_map_bottom_row(int, int, int)
 .text._ZN2bn17bg_blocks_manager23set_affine_map_positionEiii
                0x080045d0      0x1d4 bn_bg_blocks_manager.o
                0x080045d0                bn::bg_blocks_manager::set_affine_map_position(int, int, int)
 .text._ZN2bn17bg_blocks_manager21update_affine_map_colEiii
                0x080047a4      0x2f8 bn_bg_blocks_manager.o
                0x080047a4                bn::bg_blocks_manager::update_affine_map_col(int, int, int)
 .text._ZN2bn17bg_blocks_manager27update_affine_map_right_colEiii
                0x08004a9c       0x30 bn_bg_blocks_manager.o
                0x08004a9c                bn::bg_blocks_manager::update_affine_map_right_col(int, int, int)
 .text._ZNK2bn8optionalINS_20regular_bg_tiles_ptrEEdeEv.part.0
                0x08004acc       0x28 bn_bg_blocks_manager.o
 .text._ZNK2bn17affine_bg_map_ptr5tilesEv
                0x08004af4       0x28 bn_bg_blocks_manager.o
                0x08004af4                bn::affine_bg_map_ptr::tiles() const
 .text._ZNK2bn18regular_bg_map_ptr5tilesEv
                0x08004b1c       0x28 bn_bg_blocks_manager.o
                0x08004b1c                bn::regular_bg_map_ptr::tiles() const
 .text._ZN2bn17bg_blocks_manager23set_regular_map_paletteEiONS_14bg_palette_ptrE
                0x08004b44      0x1a4 bn_bg_blocks_manager.o
                0x08004b44                bn::bg_blocks_manager::set_regular_map_palette(int, bn::bg_palette_ptr&&)
 .text._ZN2bn17bg_blocks_manager12_GLOBAL__N_1L22_find_regular_map_implERKNS_19regular_bg_map_itemEPKtRKNS_20regular_bg_tiles_ptrERKNS_14bg_palette_ptrE
                0x08004ce8      0x2e0 bn_bg_blocks_manager.o
 .text._ZN2bn17bg_blocks_manager18create_regular_mapERKNS_19regular_bg_map_itemEPKtONS_20regular_bg_tiles_ptrEONS_14bg_palette_ptrEb
                0x08004fc8      0x314 bn_bg_blocks_manager.o
                0x08004fc8                bn::bg_blocks_manager::create_regular_map(bn::regular_bg_map_item const&, unsigned short const*, bn::regular_bg_tiles_ptr&&, bn::bg_palette_ptr&&, bool)
 .text._ZN2bn18regular_bg_map_ptr6createERKNS_15regular_bg_itemEi
                0x080052dc       0xe8 bn_bg_blocks_manager.o
                0x080052dc                bn::regular_bg_map_ptr::create(bn::regular_bg_item const&, int)
 .text._ZN3_bn6assert9show_argsIA39_ciEEvPKcS4_S4_iRKT_RKT0_
                0x080053c4       0x54 bn_bg_blocks_manager.o
                0x080053c4                void _bn::assert::show_args<char [39], int>(char const*, char const*, char const*, int, char const (&) [39], int const&)
 .text._ZN2bn11bgs_manager12_GLOBAL__N_1L33_update_item_hw_affine_attributesERKNS1_9item_typeE
                0x08005418       0x48 bn_bgs_manager.o
 .text._ZN2bn11bgs_manager12_GLOBAL__N_1L29_check_unique_regular_big_mapERNS1_9item_typeE.part.0
                0x08005460       0x58 bn_bgs_manager.o
 .text._ZN2bn11bgs_manager4initEv
                0x080054b8       0x98 bn_bgs_manager.o
                0x080054b8                bn::bgs_manager::init()
 .text._ZN2bn11bgs_manager5hw_idEPv
                0x08005550        0x8 bn_bgs_manager.o
                0x08005550                bn::bgs_manager::hw_id(void*)
 .text._ZN2bn11bgs_manager11hw_positionEPv
                0x08005558        0x4 bn_bgs_manager.o
                0x08005558                bn::bgs_manager::hw_position(void*)
 .text._ZN2bn11bgs_manager14mat_attributesEPv
                0x0800555c        0x4 bn_bgs_manager.o
                0x0800555c                bn::bgs_manager::mat_attributes(void*)
 .text._ZN2bn11bgs_manager20update_windows_flagsEPj
                0x08005560       0x7c bn_bgs_manager.o
                0x08005560                bn::bgs_manager::update_windows_flags(unsigned int*)
 .text._ZN2bn11bgs_manager14update_camerasEv
                0x080055dc      0x138 bn_bgs_manager.o
                0x080055dc                bn::bgs_manager::update_cameras()
 .text._ZN2bn11bgs_manager28update_regular_map_tiles_cbbEii
                0x08005714       0x90 bn_bgs_manager.o
                0x08005714                bn::bgs_manager::update_regular_map_tiles_cbb(int, int)
 .text._ZN2bn11bgs_manager22update_regular_map_bppEiNS_8bpp_modeE
                0x080057a4       0x98 bn_bgs_manager.o
                0x080057a4                bn::bgs_manager::update_regular_map_bpp(int, bn::bpp_mode)
 .text._ZN2bn11bgs_manager36fill_hblank_effect_regular_positionsEiPKNS_7fixed_tILi12EEEPt
                0x0800583c       0x30 bn_bgs_manager.o
                0x0800583c                bn::bgs_manager::fill_hblank_effect_regular_positions(int, bn::fixed_t<12> const*, unsigned short*)
 .text._ZN2bn11bgs_manager45fill_hblank_effect_pivot_horizontal_positionsEPvPKNS_7fixed_tILi12EEEPj
                0x0800586c       0x28 bn_bgs_manager.o
                0x0800586c                bn::bgs_manager::fill_hblank_effect_pivot_horizontal_positions(void*, bn::fixed_t<12> const*, unsigned int*)
 .text._ZN2bn11bgs_manager43fill_hblank_effect_pivot_vertical_positionsEPvPKNS_7fixed_tILi12EEEPj
                0x08005894       0x28 bn_bgs_manager.o
                0x08005894                bn::bgs_manager::fill_hblank_effect_pivot_vertical_positions(void*, bn::fixed_t<12> const*, unsigned int*)
 .text._ZN2bn11bgs_manager36fill_hblank_effect_bitmap_attributesEPvPKNS_20bitmap_bg_attributesEPt
                0x080058bc       0x50 bn_bgs_manager.o
                0x080058bc                bn::bgs_manager::fill_hblank_effect_bitmap_attributes(void*, bn::bitmap_bg_attributes const*, unsigned short*)
 .text._ZN2bn11bgs_manager6commitEb
                0x0800590c       0x58 bn_bgs_manager.o
                0x0800590c                bn::bgs_manager::commit(bool)
 .text._ZN2bn11bgs_manager4stopEv
                0x08005964       0x28 bn_bgs_manager.o
                0x08005964                bn::bgs_manager::stop()
 .text._ZN3_bn6assert9show_argsIA17_ciEEvPKcS4_S4_iRKT_RKT0_
                0x0800598c       0x54 bn_bgs_manager.o
                0x0800598c                void _bn::assert::show_args<char [17], int>(char const*, char const*, char const*, int, char const (&) [17], int const&)
 .text._ZN3_bn6assert9show_argsIA16_cN2bn7fixed_tILi12EEEEEvPKcS7_S7_iRKT_RKT0_
                0x080059e0       0xb4 bn_bgs_manager.o
                0x080059e0                void _bn::assert::show_args<char [16], bn::fixed_t<12> >(char const*, char const*, char const*, int, char const (&) [16], bn::fixed_t<12> const&)
 .text._ZN3_bn6assert9show_argsIA30_cEEvPKcS4_S4_iRKT_
                0x08005a94       0x48 bn_bgs_manager.o
                0x08005a94                void _bn::assert::show_args<char [30]>(char const*, char const*, char const*, int, char const (&) [30])
 .text._ZNK2bn8optionalINS_17affine_bg_map_ptrEEdeEv.part.0
                0x08005adc       0x28 bn_bgs_manager.o
 .text._ZN2bn11bgs_manager11regular_mapEPv
                0x08005b04       0x14 bn_bgs_manager.o
                0x08005b04                bn::bgs_manager::regular_map(void*)
 .text._ZN2bn11bgs_manager10affine_mapEPv
                0x08005b18       0x14 bn_bgs_manager.o
                0x08005b18                bn::bgs_manager::affine_map(void*)
 .text._ZN2bn8optionalINS_17affine_bg_map_ptrEEdeEv.part.0
                0x08005b2c       0x28 bn_bgs_manager.o
 .text._ZN2bn11bgs_manager12_GLOBAL__N_19item_type18update_regular_mapEv
                0x08005b54      0x194 bn_bgs_manager.o
 .text._ZN2bn8optionalINS_17affine_bg_map_ptrEEptEv.part.0
                0x08005ce8       0x28 bn_bgs_manager.o
 .text._ZN2bn11bgs_manager15commit_big_mapsEv
                0x08005d10      0x1ec bn_bgs_manager.o
                0x08005d10                bn::bgs_manager::commit_big_maps()
 .text._ZN3_bn6assert9show_argsIA27_cEEvPKcS4_S4_iRKT_
                0x08005efc       0x48 bn_bgs_manager.o
                0x08005efc                void _bn::assert::show_args<char [27]>(char const*, char const*, char const*, int, char const (&) [27])
 .text._ZN3_bn6assert9show_argsIA46_cEEvPKcS4_S4_iRKT_
                0x08005f44       0x48 bn_bgs_manager.o
                0x08005f44                void _bn::assert::show_args<char [46]>(char const*, char const*, char const*, int, char const (&) [46])
 .text._ZN2bn11bgs_manager36fill_hblank_effect_affine_attributesEPvPKNS_20affine_bg_attributesEPt
                0x08005f8c       0xf4 bn_bgs_manager.o
                0x08005f8c                bn::bgs_manager::fill_hblank_effect_affine_attributes(void*, bn::affine_bg_attributes const*, unsigned short*)
 .text._ZN2bn11bgs_manager37fill_hblank_effect_regular_attributesEPvPKNS_21regular_bg_attributesEPt
                0x08006080       0xf8 bn_bgs_manager.o
                0x08006080                bn::bgs_manager::fill_hblank_effect_regular_attributes(void*, bn::regular_bg_attributes const*, unsigned short*)
 .text._ZN2bn11bgs_manager15rebuild_handlesEv.part.0
                0x08006178      0x288 bn_bgs_manager.o
 .text._ZN2bn11bgs_manager6updateEv
                0x08006400      0x138 bn_bgs_manager.o
                0x08006400                bn::bgs_manager::update()
 .text._ZN2bn11bgs_manager12_GLOBAL__N_1L12_insert_itemERNS1_9item_typeE
                0x08006538      0x124 bn_bgs_manager.o
 .text._ZN3_bn6assert9show_argsIA13_cEEvPKcS4_S4_iRKT_
                0x0800665c       0x48 bn_bgs_manager.o
                0x0800665c                void _bn::assert::show_args<char [13]>(char const*, char const*, char const*, int, char const (&) [13])
 .text._ZN2bn5ipoolINS_11bgs_manager12_GLOBAL__N_19item_typeEE6createIJNS_18regular_bg_builderENS_18regular_bg_map_ptrEEEERS3_DpOT_.part.0
                0x080066a4       0x24 bn_bgs_manager.o
 .text._ZN2bn11bgs_manager6createEONS_18regular_bg_builderE
                0x080066c8      0x230 bn_bgs_manager.o
                0x080066c8                bn::bgs_manager::create(bn::regular_bg_builder&&)
 .text._ZNK2bn15regular_bg_item9create_bgENS_7fixed_tILi12EEES2_
                0x080068f8       0x78 bn_bgs_manager.o
                0x080068f8                bn::regular_bg_item::create_bg(bn::fixed_t<12>, bn::fixed_t<12>) const
 .text._ZN2bn5eraseIPNS_11bgs_manager12_GLOBAL__N_19item_typeEEENS_7ivectorIT_E9size_typeERS7_RKS6_.constprop.0.isra.0
                0x08006970      0x154 bn_bgs_manager.o
 .text._ZN2bn11bgs_manager15decrease_usagesEPv
                0x08006ac4       0xe4 bn_bgs_manager.o
                0x08006ac4                bn::bgs_manager::decrease_usages(void*)
 .text._ZN2bn14regular_bg_ptrD2Ev
                0x08006ba8       0x18 bn_bgs_manager.o
                0x08006ba8                bn::regular_bg_ptr::~regular_bg_ptr()
                0x08006ba8                bn::regular_bg_ptr::~regular_bg_ptr()
 .text._ZN2bn10camera_ptrC2ERKS0_
                0x08006bc0       0x20 bn_cameras_manager.o
                0x08006bc0                bn::camera_ptr::camera_ptr(bn::camera_ptr const&)
                0x08006bc0                bn::camera_ptr::camera_ptr(bn::camera_ptr const&)
 .text._ZN2bn10camera_ptraSERKS0_
                0x08006be0       0x70 bn_cameras_manager.o
                0x08006be0                bn::camera_ptr::operator=(bn::camera_ptr const&)
 .text._ZN2bn10camera_ptrD2Ev
                0x08006c50       0x38 bn_cameras_manager.o
                0x08006c50                bn::camera_ptr::~camera_ptr()
                0x08006c50                bn::camera_ptr::~camera_ptr()
 .text._ZNK2bn10camera_ptr8positionEv
                0x08006c88       0x14 bn_cameras_manager.o
                0x08006c88                bn::camera_ptr::position() const
 .text._ZN2bn15cameras_manager4initEv
                0x08006c9c       0x24 bn_cameras_manager.o
                0x08006c9c                bn::cameras_manager::init()
 .text._ZN2bn15cameras_manager6updateEv
                0x08006cc0       0x28 bn_cameras_manager.o
                0x08006cc0                bn::cameras_manager::update()
 .text._ZN2bn4core12_GLOBAL__N_1L12_vblank_intrEv
                0x08006ce8       0x44 bn_core.o
 .text._ZN2bn4core12_GLOBAL__N_1L11update_implEv
                0x08006d2c      0x11c bn_core.o
 .text._ZN2bn4core12_GLOBAL__N_1L4stopEb
                0x08006e48       0x78 bn_core.o
 .text._ZN2bn4core6updateEv
                0x08006ec0       0x78 bn_core.o
                0x08006ec0                bn::core::update()
 .text._ZN2bn4core4initERKNS_8optionalINS_5colorEEERKNS_11string_viewE
                0x08006f38      0x13c bn_core.o
                0x08006f38                bn::core::init(bn::optional<bn::color> const&, bn::string_view const&)
 .text._ZN2bn4core4initEv
                0x08007074       0x20 bn_core.o
                0x08007074                bn::core::init()
 .text._ZN2bn4core5resetEv
                0x08007094       0x10 bn_core.o
                0x08007094                bn::core::reset()
 .text._ZN3_bn6assert12_GLOBAL__N_1L10_show_implEPKcS3_S3_iRKN2bn11string_viewE
                0x080070a4       0xd0 bn_core.o
 .text._ZN3_bn6assert4showEPKcS2_S2_iRKN2bn12istring_baseE
                0x08007174       0x18 bn_core.o
                0x08007174                _bn::assert::show(char const*, char const*, char const*, int, bn::istring_base const&)
 .text._ZN2bn15display_manager12_GLOBAL__N_1L34_update_rect_windows_hw_boundariesEi
                0x0800718c       0x84 bn_display_manager.o
 .text._ZN2bn15display_manager4initEv
                0x08007210       0xa4 bn_display_manager.o
                0x08007210                bn::display_manager::init()
 .text._ZN2bn15display_manager8set_modeEi
                0x080072b4       0x1c bn_display_manager.o
                0x080072b4                bn::display_manager::set_mode(int)
 .text._ZN2bn15display_manager14set_bg_enabledEib
                0x080072d0       0x1c bn_display_manager.o
                0x080072d0                bn::display_manager::set_bg_enabled(int, bool)
 .text._ZN2bn15display_manager15disable_all_bgsEv
                0x080072ec       0x18 bn_display_manager.o
                0x080072ec                bn::display_manager::disable_all_bgs()
 .text._ZN2bn15display_manager36fill_mosaic_hblank_effect_attributesEPKNS_17mosaic_attributesEPt
                0x08007304       0x98 bn_display_manager.o
                0x08007304                bn::display_manager::fill_mosaic_hblank_effect_attributes(bn::mosaic_attributes const*, unsigned short*)
 .text._ZN2bn15display_manager27set_blending_top_bg_enabledEib
                0x0800739c       0x20 bn_display_manager.o
                0x0800739c                bn::display_manager::set_blending_top_bg_enabled(int, bool)
 .text._ZN2bn15display_manager30set_blending_bottom_bg_enabledEib
                0x080073bc       0x20 bn_display_manager.o
                0x080073bc                bn::display_manager::set_blending_bottom_bg_enabled(int, bool)
 .text._ZN2bn15display_manager32blending_transparency_top_weightEv
                0x080073dc       0x18 bn_display_manager.o
                0x080073dc                bn::display_manager::blending_transparency_top_weight()
 .text._ZN2bn15display_manager35blending_transparency_bottom_weightEv
                0x080073f4       0x28 bn_display_manager.o
                0x080073f4                bn::display_manager::blending_transparency_bottom_weight()
 .text._ZN2bn15display_manager51fill_blending_transparency_hblank_effect_attributesEPKNS_32blending_transparency_attributesEPt
                0x0800741c       0x30 bn_display_manager.o
                0x0800741c                bn::display_manager::fill_blending_transparency_hblank_effect_attributes(bn::blending_transparency_attributes const*, unsigned short*)
 .text._ZN2bn15display_manager21blending_fade_enabledEv
                0x0800744c        0xc bn_display_manager.o
                0x0800744c                bn::display_manager::blending_fade_enabled()
 .text._ZN2bn15display_manager39fill_blending_fade_hblank_effect_alphasEPKNS_19blending_fade_alphaEPt
                0x08007458       0x24 bn_display_manager.o
                0x08007458                bn::display_manager::fill_blending_fade_hblank_effect_alphas(bn::blending_fade_alpha const*, unsigned short*)
 .text._ZN2bn15display_manager26update_windows_visible_bgsEv
                0x0800747c       0x14 bn_display_manager.o
                0x0800747c                bn::display_manager::update_windows_visible_bgs()
 .text._ZN2bn15display_manager36rect_window_hw_horizontal_boundariesEi
                0x08007490       0x18 bn_display_manager.o
                0x08007490                bn::display_manager::rect_window_hw_horizontal_boundaries(int)
 .text._ZN2bn15display_manager34rect_window_hw_vertical_boundariesEi
                0x080074a8       0x18 bn_display_manager.o
                0x080074a8                bn::display_manager::rect_window_hw_vertical_boundaries(int)
 .text._ZN2bn15display_manager52fill_rect_window_hblank_effect_horizontal_boundariesERKSt4pairIiiEPKS1_INS_7fixed_tILi12EEES6_EPt
                0x080074c0      0x13c bn_display_manager.o
                0x080074c0                bn::display_manager::fill_rect_window_hblank_effect_horizontal_boundaries(std::pair<int, int> const&, std::pair<bn::fixed_t<12>, bn::fixed_t<12> > const*, unsigned short*)
 .text._ZN2bn15display_manager50fill_rect_window_hblank_effect_vertical_boundariesERKSt4pairIiiEPKS1_INS_7fixed_tILi12EEES6_EPt
                0x080075fc      0x13c bn_display_manager.o
                0x080075fc                bn::display_manager::fill_rect_window_hblank_effect_vertical_boundaries(std::pair<int, int> const&, std::pair<bn::fixed_t<12>, bn::fixed_t<12> > const*, unsigned short*)
 .text._ZN2bn15display_manager36fill_green_swap_hblank_effect_statesEPKbPt
                0x08007738       0x34 bn_display_manager.o
                0x08007738                bn::display_manager::fill_green_swap_hblank_effect_states(bool const*, unsigned short*)
 .text._ZN2bn15display_manager14update_camerasEv
                0x0800776c       0x40 bn_display_manager.o
                0x0800776c                bn::display_manager::update_cameras()
 .text._ZN2bn15display_manager6updateEv
                0x080077ac      0x248 bn_display_manager.o
                0x080077ac                bn::display_manager::update()
 .text._ZN2bn15display_manager6commitEv
                0x080079f4      0x134 bn_display_manager.o
                0x080079f4                bn::display_manager::commit()
 .text._ZN2bn15display_manager4stopEv
                0x08007b28       0x34 bn_display_manager.o
                0x08007b28                bn::display_manager::stop()
 .text._ZN3_bn6assert9show_argsIA66_cEEvPKcS4_S4_iRKT_
                0x08007b5c       0x48 bn_display_manager.o
                0x08007b5c                void _bn::assert::show_args<char [66]>(char const*, char const*, char const*, int, char const (&) [66])
 .text._ZN2bn12gpio_manager5sleepEv
                0x08007ba4       0x2c bn_gpio_manager.o
                0x08007ba4                bn::gpio_manager::sleep()
 .text._ZN2bn22hblank_effects_manager12_GLOBAL__N_19item_type18_output_values_ptrEv
                0x08007bd0       0x40 bn_hblank_effects_manager.o
 .text._ZN2bn22hblank_effects_manager7disableEv
                0x08007c10       0x24 bn_hblank_effects_manager.o
                0x08007c10                bn::hblank_effects_manager::disable()
 .text._ZN2bn22hblank_effects_manager4stopEv
                0x08007c34       0x38 bn_hblank_effects_manager.o
                0x08007c34                bn::hblank_effects_manager::stop()
 .text._ZN2bn22hblank_effects_manager6commitEv
                0x08007c6c       0x88 bn_hblank_effects_manager.o
                0x08007c6c                bn::hblank_effects_manager::commit()
 .text._ZN2bn22hblank_effects_manager12_GLOBAL__N_1L10_is_uint32ENS0_12handler_typeE
                0x08007cf4       0x60 bn_hblank_effects_manager.o
 .text._ZN2bn22hblank_effects_manager12_GLOBAL__N_19item_type12check_updateEv
                0x08007d54     0x16b8 bn_hblank_effects_manager.o
 .text._ZN2bn22hblank_effects_manager6updateEv
                0x0800940c      0x1f4 bn_hblank_effects_manager.o
                0x0800940c                bn::hblank_effects_manager::update()
 .text._ZN2bn7ivectorIaE9push_backEOa.part.0
                0x08009600       0x28 bn_hblank_effects_manager.o
 .text._ZN2bn22hblank_effects_manager4initEv
                0x08009628      0x15c bn_hblank_effects_manager.o
                0x08009628                bn::hblank_effects_manager::init()
 .text.startup._GLOBAL__sub_I__ZN2bn4hbes10used_countEv
                0x08009784       0x14 bn_hblank_effects_manager.o
 .text._ZN2bn12hdma_manager4initEv
                0x08009798       0x38 bn_hdma_manager.o
                0x08009798                bn::hdma_manager::init()
 .text._ZN2bn12hdma_manager10force_stopEv
                0x080097d0       0x5c bn_hdma_manager.o
                0x080097d0                bn::hdma_manager::force_stop()
 .text._ZN2bn12hdma_manager7disableEv
                0x0800982c       0x48 bn_hdma_manager.o
                0x0800982c                bn::hdma_manager::disable()
 .text._ZN2bn12hdma_manager6updateEv
                0x08009874       0x6c bn_hdma_manager.o
                0x08009874                bn::hdma_manager::update()
 .text._ZN2bn12hdma_manager24commit_interrupt_handlerEv
                0x080098e0       0x20 bn_hdma_manager.o
                0x080098e0                bn::hdma_manager::commit_interrupt_handler()
 .text._ZN2bn12hdma_manager14commit_entriesEb
                0x08009900      0x168 bn_hdma_manager.o
                0x08009900                bn::hdma_manager::commit_entries(bool)
 .text._ZN2bn6keypad9a_pressedEv
                0x08009a68       0x10 bn_keypad_manager.o
                0x08009a68                bn::keypad::a_pressed()
 .text._ZN2bn6keypad11select_heldEv
                0x08009a78       0x10 bn_keypad_manager.o
                0x08009a78                bn::keypad::select_held()
 .text._ZN2bn6keypad14select_pressedEv
                0x08009a88       0x10 bn_keypad_manager.o
                0x08009a88                bn::keypad::select_pressed()
 .text._ZN2bn6keypad13start_pressedEv
                0x08009a98       0x10 bn_keypad_manager.o
                0x08009a98                bn::keypad::start_pressed()
 .text._ZN2bn6keypad10right_heldEv
                0x08009aa8       0x10 bn_keypad_manager.o
                0x08009aa8                bn::keypad::right_held()
 .text._ZN2bn6keypad9left_heldEv
                0x08009ab8       0x10 bn_keypad_manager.o
                0x08009ab8                bn::keypad::left_held()
 .text._ZN2bn6keypad7up_heldEv
                0x08009ac8       0x10 bn_keypad_manager.o
                0x08009ac8                bn::keypad::up_held()
 .text._ZN2bn6keypad9down_heldEv
                0x08009ad8        0xc bn_keypad_manager.o
                0x08009ad8                bn::keypad::down_held()
 .text._ZN2bn14keypad_manager4stopEv
                0x08009ae4        0x4 bn_keypad_manager.o
                0x08009ae4                bn::keypad_manager::stop()
 .text._ZN2bn14keypad_manager6updateEv
                0x08009ae8       0xa8 bn_keypad_manager.o
                0x08009ae8                bn::keypad_manager::update()
 .text._ZN2bn14keypad_manager4initERKNS_11string_viewE
                0x08009b90       0x64 bn_keypad_manager.o
                0x08009b90                bn::keypad_manager::init(bn::string_view const&)
 .text._ZN2bn12link_manager4initEv
                0x08009bf4        0xc bn_link_manager.o
                0x08009bf4                bn::link_manager::init()
 .text._ZN2bn12link_manager6activeEv
                0x08009c00        0xc bn_link_manager.o
                0x08009c00                bn::link_manager::active()
 .text._ZN2bn12link_manager7disableEv
                0x08009c0c       0x18 bn_link_manager.o
                0x08009c0c                bn::link_manager::disable()
 .text._ZN2bn12link_manager6commitEv
                0x08009c24       0x18 bn_link_manager.o
                0x08009c24                bn::link_manager::commit()
 .text._ZN3_bn6memory18unsafe_clear_wordsEiPv
                0x08009c3c       0x14 bn_memory_manager.o
                0x08009c3c                _bn::memory::unsafe_clear_words(int, void*)
 .text._ZN2bn4freeEPv
                0x08009c50       0x14 bn_memory_manager.o
                0x08009c50                bn::free(void*)
 .text._ZN2bn14memory_manager4initEv
                0x08009c64       0x2c bn_memory_manager.o
                0x08009c64                bn::memory_manager::init()
 .text._ZN2bn2hw8palettes9grayscaleEPKNS_5colorEiiPS2_.part.0
                0x08009c90       0x40 bn_palettes_manager.o
 .text._ZN2bn14bg_palette_ptrC2ERKS0_
                0x08009cd0       0x28 bn_palettes_manager.o
                0x08009cd0                bn::bg_palette_ptr::bg_palette_ptr(bn::bg_palette_ptr const&)
                0x08009cd0                bn::bg_palette_ptr::bg_palette_ptr(bn::bg_palette_ptr const&)
 .text._ZNK2bn14bg_palette_ptr3bppEv
                0x08009cf8       0x20 bn_palettes_manager.o
                0x08009cf8                bn::bg_palette_ptr::bpp() const
 .text._ZN2bn18sprite_palette_ptrC2ERKS0_
                0x08009d18       0x1c bn_palettes_manager.o
                0x08009d18                bn::sprite_palette_ptr::sprite_palette_ptr(bn::sprite_palette_ptr const&)
                0x08009d18                bn::sprite_palette_ptr::sprite_palette_ptr(bn::sprite_palette_ptr const&)
 .text._ZNK2bn18sprite_palette_ptr3bppEv
                0x08009d34       0x1c bn_palettes_manager.o
                0x08009d34                bn::sprite_palette_ptr::bpp() const
 .text._ZNK2bn13palettes_bank10log_statusEv
                0x08009d50      0x17c bn_palettes_manager.o
                0x08009d50                bn::palettes_bank::log_status() const
 .text._ZN2bn13palettes_bank10find_bpp_4ERKNS_4spanIKNS_5colorEEEt
                0x08009ecc      0x114 bn_palettes_manager.o
                0x08009ecc                bn::palettes_bank::find_bpp_4(bn::span<bn::color const> const&, unsigned short)
 .text._ZNK2bn13palettes_bank20retrieve_commit_dataEv
                0x08009fe0       0x4c bn_palettes_manager.o
                0x08009fe0                bn::palettes_bank::retrieve_commit_data() const
 .text._ZNK2bn13palettes_bank7palette13apply_effectsEiPNS_5colorE
                0x0800a02c       0xb0 bn_palettes_manager.o
                0x0800a02c                bn::palettes_bank::palette::apply_effects(int, bn::color*) const
 .text._ZN2bn13palettes_bank15_update_paletteEi
                0x0800a0dc       0x70 bn_palettes_manager.o
                0x0800a0dc                bn::palettes_bank::_update_palette(int)
 .text._ZN2bn16palettes_manager4initERKNS_8optionalINS_5colorEEE
                0x0800a14c      0x134 bn_palettes_manager.o
                0x0800a14c                bn::palettes_manager::init(bn::optional<bn::color> const&)
 .text._ZN2bn16palettes_manager20sprite_palettes_bankEv
                0x0800a280        0x8 bn_palettes_manager.o
                0x0800a280                bn::palettes_manager::sprite_palettes_bank()
 .text._ZN2bn16palettes_manager16bg_palettes_bankEv
                0x0800a288        0x8 bn_palettes_manager.o
                0x0800a288                bn::palettes_manager::bg_palettes_bank()
 .text._ZN2bn16palettes_manager6commitEb
                0x0800a290       0xf8 bn_palettes_manager.o
                0x0800a290                bn::palettes_manager::commit(bool)
 .text._ZN2bn16palettes_manager4stopEv
                0x0800a388       0x20 bn_palettes_manager.o
                0x0800a388                bn::palettes_manager::stop()
 .text._ZN3_bn6assert9show_argsIA35_cEEvPKcS4_S4_iRKT_
                0x0800a3a8       0x48 bn_palettes_manager.o
                0x0800a3a8                void _bn::assert::show_args<char [35]>(char const*, char const*, char const*, int, char const (&) [35])
 .text._ZN2bn13palettes_bank11colors_hashERKNS_4spanIKNS_5colorEEE
                0x0800a3f0       0x48 bn_palettes_manager.o
                0x0800a3f0                bn::palettes_bank::colors_hash(bn::span<bn::color const> const&)
 .text._ZN3_bn6assert9show_argsIJA43_ciA38_cA42_cEEEvPKcS6_S6_iDpRKT_
                0x0800a438       0x64 bn_palettes_manager.o
                0x0800a438                void _bn::assert::show_args<char [43], int, char [38], char [42]>(char const*, char const*, char const*, int, char const (&) [43], int const&, char const (&) [38], char const (&) [42])
 .text._ZN2bn13palettes_bank12create_bpp_8ERKNS_4spanIKNS_5colorEEENS_16compression_typeEb
                0x0800a49c      0x248 bn_palettes_manager.o
                0x0800a49c                bn::palettes_bank::create_bpp_8(bn::span<bn::color const> const&, bn::compression_type, bool)
 .text._ZNK2bn13palettes_bank21_apply_global_effectsEiPNS_5colorE
                0x0800a6e4      0x190 bn_palettes_manager.o
                0x0800a6e4                bn::palettes_bank::_apply_global_effects(int, bn::color*) const
 .text._ZN2bn13palettes_bank6updateEv
                0x0800a874      0x138 bn_palettes_manager.o
                0x0800a874                bn::palettes_bank::update()
 .text._ZN2bn16palettes_manager6updateEv
                0x0800a9ac       0x20 bn_palettes_manager.o
                0x0800a9ac                bn::palettes_manager::update()
 .text._ZNK2bn13palettes_bank25fill_hblank_effect_colorsEiPKNS_5colorEPt
                0x0800a9cc       0x44 bn_palettes_manager.o
                0x0800a9cc                bn::palettes_bank::fill_hblank_effect_colors(int, bn::color const*, unsigned short*) const
 .text._ZNK2bn13palettes_bank25fill_hblank_effect_colorsEPKNS_5colorEPt
                0x0800aa10       0x30 bn_palettes_manager.o
                0x0800aa10                bn::palettes_bank::fill_hblank_effect_colors(bn::color const*, unsigned short*) const
 .text._ZNK2bn19sprite_palette_item10decompressENS_4spanINS_5colorEEE
                0x0800aa40      0x168 bn_palettes_manager.o
                0x0800aa40                bn::sprite_palette_item::decompress(bn::span<bn::color>) const
 .text._ZNK2bn15bg_palette_item10decompressENS_4spanINS_5colorEEE
                0x0800aba8      0x168 bn_palettes_manager.o
                0x0800aba8                bn::bg_palette_item::decompress(bn::span<bn::color>) const
 .text._ZN2bn14iunordered_mapItsNS_15identity_hasherENS_8equal_toItEEE21insert_or_assign_hashEjOSt4pairIKtsE.isra.0
                0x0800ad10      0x108 bn_palettes_manager.o
 .text._ZN2bn13palettes_bank12create_bpp_4ERKNS_4spanIKNS_5colorEEEtb
                0x0800ae18      0x168 bn_palettes_manager.o
                0x0800ae18                bn::palettes_bank::create_bpp_4(bn::span<bn::color const> const&, unsigned short, bool)
 .text._ZN2bn12_GLOBAL__N_1L12_create_implERKNS_15bg_palette_itemEb
                0x0800af80       0xa0 bn_palettes_manager.o
 .text._ZN2bn14bg_palette_ptr6createERKNS_15bg_palette_itemE
                0x0800b020       0x54 bn_palettes_manager.o
                0x0800b020                bn::bg_palette_ptr::create(bn::bg_palette_item const&)
 .text._ZN2bn12_GLOBAL__N_1L12_create_implERKNS_19sprite_palette_itemEb
                0x0800b074       0x88 bn_palettes_manager.o
 .text._ZN2bn18sprite_palette_ptr6createERKNS_19sprite_palette_itemE
                0x0800b0fc       0x48 bn_palettes_manager.o
                0x0800b0fc                bn::sprite_palette_ptr::create(bn::sprite_palette_item const&)
 .text._ZN2bn13palettes_bank30_erase_bpp_4_indexes_map_indexEt
                0x0800b144      0x1c4 bn_palettes_manager.o
                0x0800b144                bn::palettes_bank::_erase_bpp_4_indexes_map_index(unsigned short)
 .text._ZN2bn13palettes_bank15decrease_usagesEi
                0x0800b308       0x80 bn_palettes_manager.o
                0x0800b308                bn::palettes_bank::decrease_usages(int)
 .text._ZN2bn14bg_palette_ptraSERKS0_
                0x0800b388       0x48 bn_palettes_manager.o
                0x0800b388                bn::bg_palette_ptr::operator=(bn::bg_palette_ptr const&)
 .text._ZN2bn14bg_palette_ptrD2Ev
                0x0800b3d0       0x20 bn_palettes_manager.o
                0x0800b3d0                bn::bg_palette_ptr::~bg_palette_ptr()
                0x0800b3d0                bn::bg_palette_ptr::~bg_palette_ptr()
 .text._ZN2bn18sprite_palette_ptrD2Ev
                0x0800b3f0       0x20 bn_palettes_manager.o
                0x0800b3f0                bn::sprite_palette_ptr::~sprite_palette_ptr()
                0x0800b3f0                bn::sprite_palette_ptr::~sprite_palette_ptr()
 .text._ZN2bn26sprite_affine_mats_manager12_GLOBAL__N_1L19_sprite_double_sizeILi32ELi16EEEbiiiii
                0x0800b410       0x84 bn_sprite_affine_mats_manager.o
 .text._ZN2bn26sprite_affine_mats_manager12_GLOBAL__N_1L19_sprite_double_sizeILi16ELi32EEEbiiiii
                0x0800b494       0x84 bn_sprite_affine_mats_manager.o
 .text._ZNK2bn26sprite_affine_mats_manager12_GLOBAL__N_19item_type18sprite_double_sizeEiRKNS_17sprite_shape_sizeE.isra.0
                0x0800b518      0x1ac bn_sprite_affine_mats_manager.o
 .text._ZN2bn26sprite_affine_mats_manager12_GLOBAL__N_1L24_update_flipped_identityEi
                0x0800b6c4       0xcc bn_sprite_affine_mats_manager.o
 .text._ZNK2bn21sprite_affine_mat_ptr15horizontal_flipEv
                0x0800b790       0x18 bn_sprite_affine_mats_manager.o
                0x0800b790                bn::sprite_affine_mat_ptr::horizontal_flip() const
 .text._ZNK2bn21sprite_affine_mat_ptr13vertical_flipEv
                0x0800b7a8       0x18 bn_sprite_affine_mats_manager.o
                0x0800b7a8                bn::sprite_affine_mat_ptr::vertical_flip() const
 .text._ZNK2bn21sprite_affine_mat_ptr16flipped_identityEv
                0x0800b7c0       0x14 bn_sprite_affine_mats_manager.o
                0x0800b7c0                bn::sprite_affine_mat_ptr::flipped_identity() const
 .text._ZN2bn26sprite_affine_mats_manager13attach_spriteEiRNS_24intrusive_list_node_typeE
                0x0800b7d4       0x2c bn_sprite_affine_mats_manager.o
                0x0800b7d4                bn::sprite_affine_mats_manager::attach_sprite(int, bn::intrusive_list_node_type&)
 .text._ZN2bn26sprite_affine_mats_manager18sprite_double_sizeEiRKNS_17sprite_shape_sizeE
                0x0800b800       0x54 bn_sprite_affine_mats_manager.o
                0x0800b800                bn::sprite_affine_mats_manager::sprite_double_size(int, bn::sprite_shape_size const&)
 .text._ZN2bn26sprite_affine_mats_manager20retrieve_commit_dataEv
                0x0800b854       0x38 bn_sprite_affine_mats_manager.o
                0x0800b854                bn::sprite_affine_mats_manager::retrieve_commit_data()
 .text._ZN2bn26sprite_affine_mats_manager9set_scaleEiNS_7fixed_tILi12EEE
                0x0800b88c      0x14c bn_sprite_affine_mats_manager.o
                0x0800b88c                bn::sprite_affine_mats_manager::set_scale(int, bn::fixed_t<12>)
 .text._ZN2bn21sprite_affine_mat_ptr9set_scaleENS_7fixed_tILi12EEE
                0x0800b9d8       0x14 bn_sprite_affine_mats_manager.o
                0x0800b9d8                bn::sprite_affine_mat_ptr::set_scale(bn::fixed_t<12>)
 .text._ZN3_bn6assert9show_argsIA37_cEEvPKcS4_S4_iRKT_
                0x0800b9ec       0x48 bn_sprite_affine_mats_manager.o
                0x0800b9ec                void _bn::assert::show_args<char [37]>(char const*, char const*, char const*, int, char const (&) [37])
 .text._ZN3_bn6assert9show_argsIA16_cEEvPKcS4_S4_iRKT_
                0x0800ba34       0x48 bn_sprite_affine_mats_manager.o
                0x0800ba34                void _bn::assert::show_args<char [16]>(char const*, char const*, char const*, int, char const (&) [16])
 .text._ZN2bn26sprite_affine_mats_manager12_GLOBAL__N_1L15_new_item_indexEv
                0x0800ba7c       0xe0 bn_sprite_affine_mats_manager.o
 .text._ZN2bn26sprite_affine_mats_manager15create_optionalERKNS_21affine_mat_attributesE
                0x0800bb5c       0xdc bn_sprite_affine_mats_manager.o
                0x0800bb5c                bn::sprite_affine_mats_manager::create_optional(bn::affine_mat_attributes const&)
 .text._ZN2bn21sprite_affine_mat_ptr6createERKNS_21affine_mat_attributesE
                0x0800bc38       0x40 bn_sprite_affine_mats_manager.o
                0x0800bc38                bn::sprite_affine_mat_ptr::create(bn::affine_mat_attributes const&)
 .text._ZN2bn7ivectorIaE9push_backEOa.part.0
                0x0800bc78       0x28 bn_sprite_affine_mats_manager.o
 .text._ZN2bn26sprite_affine_mats_manager4initEPv
                0x0800bca0       0xe0 bn_sprite_affine_mats_manager.o
                0x0800bca0                bn::sprite_affine_mats_manager::init(void*)
 .text._ZN2bn21sprite_affine_mat_ptrD2Ev
                0x0800bd80       0x74 bn_sprite_affine_mats_manager.o
                0x0800bd80                bn::sprite_affine_mat_ptr::~sprite_affine_mat_ptr()
                0x0800bd80                bn::sprite_affine_mat_ptr::~sprite_affine_mat_ptr()
 .text._ZN2bn26sprite_affine_mats_manager6updateEv
                0x0800bdf4      0x2d8 bn_sprite_affine_mats_manager.o
                0x0800bdf4                bn::sprite_affine_mats_manager::update()
 .text._ZN2bn26sprite_affine_mats_manager14dettach_spriteEiRNS_24intrusive_list_node_typeE
                0x0800c0cc       0x4c bn_sprite_affine_mats_manager.o
                0x0800c0cc                bn::sprite_affine_mats_manager::dettach_sprite(int, bn::intrusive_list_node_type&)
 .text._ZN2bn12_GLOBAL__N_1L14_setup_builderERKNS_21sprite_text_generatorERNS_14sprite_builderE
                0x0800c118       0x68 bn_sprite_text_generator.o
 .text._ZN2bn12_GLOBAL__N_1L22_fix_top_left_positionEiRNS_7ivectorINS_10sprite_ptrEEE.isra.0
                0x0800c180       0x80 bn_sprite_text_generator.o
 .text._ZN2bn21sprite_text_generator5_initEv
                0x0800c200      0x1b4 bn_sprite_text_generator.o
                0x0800c200                bn::sprite_text_generator::_init()
 .text._ZN2bn21sprite_text_generatorC2ERKNS_11sprite_fontE
                0x0800c3b4       0x38 bn_sprite_text_generator.o
                0x0800c3b4                bn::sprite_text_generator::sprite_text_generator(bn::sprite_font const&)
                0x0800c3b4                bn::sprite_text_generator::sprite_text_generator(bn::sprite_font const&)
 .text._ZN3_bn6assert9show_argsIA54_cEEvPKcS4_S4_iRKT_
                0x0800c3ec       0x48 bn_sprite_text_generator.o
                0x0800c3ec                void _bn::assert::show_args<char [54]>(char const*, char const*, char const*, int, char const (&) [54])
 .text._ZNK2bn17sprite_tiles_item18graphics_tiles_refEi.part.0
                0x0800c434       0x24 bn_sprite_text_generator.o
 .text._ZN3_bn6assert9show_argsIJA25_ciA4_ctEEEvPKcS5_S5_iDpRKT_
                0x0800c458       0x64 bn_sprite_text_generator.o
                0x0800c458                void _bn::assert::show_args<char [25], int, char [4], unsigned short>(char const*, char const*, char const*, int, char const (&) [25], int const&, char const (&) [4], unsigned short const&)
 .text._ZN2bn8optionalINS_16sprite_tiles_ptrEEdeEv.part.0
                0x0800c4bc       0x28 bn_sprite_text_generator.o
 .text._ZN2bn8optionalINS_4spanINS_4tileEEEEptEv.part.0
                0x0800c4e4       0x28 bn_sprite_text_generator.o
 .text._ZN2bn14utf8_characterC2ERKc
                0x0800c50c      0x140 bn_sprite_text_generator.o
                0x0800c50c                bn::utf8_character::utf8_character(char const&)
                0x0800c50c                bn::utf8_character::utf8_character(char const&)
 .text._ZN2bn12_GLOBAL__N_1L15_graphics_indexEcRKNS_23utf8_characters_map_refEPKcRi.part.0
                0x0800c64c       0x8c bn_sprite_text_generator.o
 .text._ZN3_bn6assert9show_argsIJA20_ccA9_cN2bn11string_viewEA2_cEEEvPKcS8_S8_iDpRKT_
                0x0800c6d8       0x6c bn_sprite_text_generator.o
                0x0800c6d8                void _bn::assert::show_args<char [20], char, char [9], bn::string_view, char [2]>(char const*, char const*, char const*, int, char const (&) [20], char const&, char const (&) [9], bn::string_view const&, char const (&) [2])
 .text._ZNK2bn21sprite_text_generator5widthERKNS_11string_viewE
                0x0800c744      0x240 bn_sprite_text_generator.o
                0x0800c744                bn::sprite_text_generator::width(bn::string_view const&) const
 .text._ZN3_bn6assert9show_argsIA55_cEEvPKcS4_S4_iRKT_
                0x0800c984       0x48 bn_sprite_text_generator.o
                0x0800c984                void _bn::assert::show_args<char [55]>(char const*, char const*, char const*, int, char const (&) [55])
 .text._ZN2bn12_GLOBAL__N_1L20_build_sprite_assertILNS_11sprite_sizeE1EEEPNS_4tileERKNS_21sprite_text_generatorERKNS_18sprite_palette_ptrERKNS_13fixed_point_tILi12EEERNS_7ivectorINS_10sprite_ptrEEE
                0x0800c9cc      0x17c bn_sprite_text_generator.o
 .text._ZN2bn12_GLOBAL__N_1L20_build_sprite_assertILNS_11sprite_sizeE2EEEPNS_4tileERKNS_21sprite_text_generatorERKNS_18sprite_palette_ptrERKNS_13fixed_point_tILi12EEERNS_7ivectorINS_10sprite_ptrEEE
                0x0800cb48      0x17c bn_sprite_text_generator.o
 .text._ZN2bn12_GLOBAL__N_1L9_generateILb0EEEbRKNS_21sprite_text_generatorERKNS_13fixed_point_tILi12EEERKNS_11string_viewERKNS_23utf8_characters_map_refEiibRNS_7ivectorINS_10sprite_ptrEEE.isra.0
                0x0800ccc4     0x1164 bn_sprite_text_generator.o
 .text._ZNK2bn21sprite_text_generator17generate_top_leftERKNS_13fixed_point_tILi12EEERKNS_11string_viewERNS_7ivectorINS_10sprite_ptrEEE
                0x0800de28       0x44 bn_sprite_text_generator.o
                0x0800de28                bn::sprite_text_generator::generate_top_left(bn::fixed_point_t<12> const&, bn::string_view const&, bn::ivector<bn::sprite_ptr>&) const
 .text._ZNK2bn16sprite_tiles_ptr2idEv
                0x0800de6c       0x18 bn_sprite_tiles_manager.o
                0x0800de6c                bn::sprite_tiles_ptr::id() const
 .text._ZNK2bn16sprite_tiles_ptr11tiles_countEv
                0x0800de84       0x18 bn_sprite_tiles_manager.o
                0x0800de84                bn::sprite_tiles_ptr::tiles_count() const
 .text._ZN2bn20sprite_tiles_manager10log_statusEv
                0x0800de9c      0x1ec bn_sprite_tiles_manager.o
                0x0800de9c                bn::sprite_tiles_manager::log_status()
 .text._ZN2bn20sprite_tiles_manager19commit_uncompressedEb
                0x0800e088       0xc4 bn_sprite_tiles_manager.o
                0x0800e088                bn::sprite_tiles_manager::commit_uncompressed(bool)
 .text._ZNK2bn17sprite_tiles_item18graphics_tiles_refEv.part.0
                0x0800e14c       0x24 bn_sprite_tiles_manager.o
 .text._ZNK2bn17sprite_tiles_item18graphics_tiles_refEi.part.0
                0x0800e170       0x24 bn_sprite_tiles_manager.o
 .text._ZN3_bn6assert9show_argsIA27_chEEvPKcS4_S4_iRKT_RKT0_
                0x0800e194       0x54 bn_sprite_tiles_manager.o
                0x0800e194                void _bn::assert::show_args<char [27], unsigned char>(char const*, char const*, char const*, int, char const (&) [27], unsigned char const&)
 .text._ZN3_bn6assert9show_argsIJA44_cPKN2bn4tileEA4_cS6_EEEvPKcS9_S9_iDpRKT_
                0x0800e1e8       0x64 bn_sprite_tiles_manager.o
                0x0800e1e8                void _bn::assert::show_args<char [44], bn::tile const*, char [4], bn::tile const*>(char const*, char const*, char const*, int, char const (&) [44], bn::tile const* const&, char const (&) [4], bn::tile const* const&)
 .text._ZN3_bn6assert9show_argsIJA46_ciA4_cjEEEvPKcS5_S5_iDpRKT_
                0x0800e24c       0x64 bn_sprite_tiles_manager.o
                0x0800e24c                void _bn::assert::show_args<char [46], int, char [4], unsigned int>(char const*, char const*, char const*, int, char const (&) [46], int const&, char const (&) [4], unsigned int const&)
 .text._ZN2bn20sprite_tiles_manager12_GLOBAL__N_1L10_hw_commitEPKNS_4tileENS_16compression_typeEii
                0x0800e2b0       0x88 bn_sprite_tiles_manager.o
 .text._ZN2bn20sprite_tiles_manager17commit_compressedEv
                0x0800e338       0x5c bn_sprite_tiles_manager.o
                0x0800e338                bn::sprite_tiles_manager::commit_compressed()
 .text._ZN3_bn6assert9show_argsIJA28_cA15_cPKN2bn4tileEA16_ciA34_cNS4_11string_viewEEEEvPKcSC_SC_iDpRKT_
                0x0800e394       0x7c bn_sprite_tiles_manager.o
                0x0800e394                void _bn::assert::show_args<char [28], char [15], bn::tile const*, char [16], int, char [34], bn::string_view>(char const*, char const*, char const*, int, char const (&) [28], char const (&) [15], bn::tile const* const&, char const (&) [16], int const&, char const (&) [34], bn::string_view const&)
 .text._ZN3_bn6assert9show_argsIJA44_ciA34_cN2bn11string_viewEEEEvPKcS7_S7_iDpRKT_
                0x0800e410       0x64 bn_sprite_tiles_manager.o
                0x0800e410                void _bn::assert::show_args<char [44], int, char [34], bn::string_view>(char const*, char const*, char const*, int, char const (&) [44], int const&, char const (&) [34], bn::string_view const&)
 .text._ZN2bn7ivectorItE9push_backEOt.part.0
                0x0800e474       0x28 bn_sprite_tiles_manager.o
 .text._ZN2bn20sprite_tiles_manager4initEv
                0x0800e49c      0x160 bn_sprite_tiles_manager.o
                0x0800e49c                bn::sprite_tiles_manager::init()
 .text._ZN2bn20sprite_tiles_manager12_GLOBAL__N_1L17_insert_free_itemEi
                0x0800e5fc       0xf0 bn_sprite_tiles_manager.o
 .text._ZN2bn20sprite_tiles_manager12_GLOBAL__N_1L16_erase_free_itemEi
                0x0800e6ec       0xfc bn_sprite_tiles_manager.o
 .text._ZN2bn20sprite_tiles_manager12_GLOBAL__N_1L21_erase_to_commit_itemEiRNS1_9item_typeE.part.0
                0x0800e7e8       0xac bn_sprite_tiles_manager.o
 .text._ZN2bn20sprite_tiles_manager15decrease_usagesEi
                0x0800e894      0x148 bn_sprite_tiles_manager.o
                0x0800e894                bn::sprite_tiles_manager::decrease_usages(int)
 .text._ZN2bn16sprite_tiles_ptrD2Ev
                0x0800e9dc       0x18 bn_sprite_tiles_manager.o
                0x0800e9dc                bn::sprite_tiles_ptr::~sprite_tiles_ptr()
                0x0800e9dc                bn::sprite_tiles_ptr::~sprite_tiles_ptr()
 .text._ZN2bn20sprite_tiles_manager12_GLOBAL__N_1L10_find_implEPKNS_4tileENS_16compression_typeEi
                0x0800e9f4      0x2d0 bn_sprite_tiles_manager.o
 .text._ZN2bn20sprite_tiles_manager4vramEi
                0x0800ecc4       0x3c bn_sprite_tiles_manager.o
                0x0800ecc4                bn::sprite_tiles_manager::vram(int)
 .text._ZN2bn16sprite_tiles_ptr4vramEv
                0x0800ed00       0x14 bn_sprite_tiles_manager.o
                0x0800ed00                bn::sprite_tiles_ptr::vram()
 .text._ZN2bn20sprite_tiles_manager12_GLOBAL__N_1L21_erase_items_map_itemEPKNS_4tileE
                0x0800ed14      0x208 bn_sprite_tiles_manager.o
 .text._ZN2bn20sprite_tiles_manager12_GLOBAL__N_1L12_create_itemEiPKNS_4tileENS_16compression_typeEib
                0x0800ef1c      0x204 bn_sprite_tiles_manager.o
 .text._ZN2bn20sprite_tiles_manager12_GLOBAL__N_1L14_allocate_implEi
                0x0800f120      0x110 bn_sprite_tiles_manager.o
 .text._ZN2bn20sprite_tiles_manager8allocateEiNS_8bpp_modeE
                0x0800f230       0xc0 bn_sprite_tiles_manager.o
                0x0800f230                bn::sprite_tiles_manager::allocate(int, bn::bpp_mode)
 .text._ZN2bn16sprite_tiles_ptr8allocateEiNS_8bpp_modeE
                0x0800f2f0       0x18 bn_sprite_tiles_manager.o
                0x0800f2f0                bn::sprite_tiles_ptr::allocate(int, bn::bpp_mode)
 .text._ZN2bn20sprite_tiles_manager6updateEv
                0x0800f308      0x19c bn_sprite_tiles_manager.o
                0x0800f308                bn::sprite_tiles_manager::update()
 .text._ZN2bn20sprite_tiles_manager12_GLOBAL__N_1L12_create_implEPKNS_4tileENS_16compression_typeEi
                0x0800f4a4      0x204 bn_sprite_tiles_manager.o
 .text._ZN2bn20sprite_tiles_manager12_GLOBAL__N_1L22_insert_items_map_itemEPKNS_4tileEi
                0x0800f6a8       0xc0 bn_sprite_tiles_manager.o
 .text._ZN2bn20sprite_tiles_manager6createERKNS_4spanIKNS_4tileEEENS_16compression_typeE
                0x0800f768       0x90 bn_sprite_tiles_manager.o
                0x0800f768                bn::sprite_tiles_manager::create(bn::span<bn::tile const> const&, bn::compression_type)
 .text._ZN2bn16sprite_tiles_ptr6createERKNS_17sprite_tiles_itemE
                0x0800f7f8       0x6c bn_sprite_tiles_manager.o
                0x0800f7f8                bn::sprite_tiles_ptr::create(bn::sprite_tiles_item const&)
 .text._ZN2bn16sprite_tiles_ptr6createERKNS_17sprite_tiles_itemEi
                0x0800f864       0xb0 bn_sprite_tiles_manager.o
                0x0800f864                bn::sprite_tiles_ptr::create(bn::sprite_tiles_item const&, int)
 .text._ZN2bn15sprites_manager12_GLOBAL__N_1L32_always_update_indexes_to_commitERKNS_20sprites_manager_itemE
                0x0800f914       0x4c bn_sprites_manager.o
 .text._ZN2bn13ostringstream11append_argsIiJA4_ciEEEvRKT_DpRKT0_.isra.0
                0x0800f960       0x24 bn_sprites_manager.o
 .text._ZN2bn15sprites_manager12_GLOBAL__N_1L23_update_item_dimensionsERNS_20sprites_manager_itemE
                0x0800f984       0xc0 bn_sprites_manager.o
 .text._ZNK2bn10sprite_ptr1xEv
                0x0800fa44        0x8 bn_sprites_manager.o
                0x0800fa44                bn::sprite_ptr::x() const
 .text._ZN2bn10sprite_ptr5set_xENS_7fixed_tILi12EEE
                0x0800fa4c       0x48 bn_sprites_manager.o
                0x0800fa4c                bn::sprite_ptr::set_x(bn::fixed_t<12>)
 .text._ZNK2bn10sprite_ptr1yEv
                0x0800fa94        0x8 bn_sprites_manager.o
                0x0800fa94                bn::sprite_ptr::y() const
 .text._ZN2bn10sprite_ptr5set_yENS_7fixed_tILi12EEE
                0x0800fa9c       0x48 bn_sprites_manager.o
                0x0800fa9c                bn::sprite_ptr::set_y(bn::fixed_t<12>)
 .text._ZNK2bn10sprite_ptr8positionEv
                0x0800fae4        0x8 bn_sprites_manager.o
                0x0800fae4                bn::sprite_ptr::position() const
 .text._ZN2bn10sprite_ptr12set_positionENS_7fixed_tILi12EEES2_
                0x0800faec       0x70 bn_sprites_manager.o
                0x0800faec                bn::sprite_ptr::set_position(bn::fixed_t<12>, bn::fixed_t<12>)
 .text._ZN2bn15sprites_manager4initEv
                0x0800fb5c       0xd4 bn_sprites_manager.o
                0x0800fb5c                bn::sprites_manager::init()
 .text._ZN2bn15sprites_manager5hw_idEPv
                0x0800fc30        0x8 bn_sprites_manager.o
                0x0800fc30                bn::sprites_manager::hw_id(void*)
 .text._ZN2bn15sprites_manager5shapeEPv
                0x0800fc38        0x8 bn_sprites_manager.o
                0x0800fc38                bn::sprites_manager::shape(void*)
 .text._ZN2bn15sprites_manager4sizeEPv
                0x0800fc40        0x8 bn_sprites_manager.o
                0x0800fc40                bn::sprites_manager::size(void*)
 .text._ZN2bn15sprites_manager10shape_sizeEPv
                0x0800fc48       0x14 bn_sprites_manager.o
                0x0800fc48                bn::sprites_manager::shape_size(void*)
 .text._ZN2bn15sprites_manager11hw_positionEPv
                0x0800fc5c        0x4 bn_sprites_manager.o
                0x0800fc5c                bn::sprites_manager::hw_position(void*)
 .text._ZN2bn15sprites_manager9view_modeEPv
                0x0800fc60        0xc bn_sprites_manager.o
                0x0800fc60                bn::sprites_manager::view_mode(void*)
 .text._ZN2bn15sprites_manager10affine_matEPv
                0x0800fc6c        0x4 bn_sprites_manager.o
                0x0800fc6c                bn::sprites_manager::affine_mat(void*)
 .text._ZN2bn15sprites_manager22reserved_handles_countEv
                0x0800fc70       0x10 bn_sprites_manager.o
                0x0800fc70                bn::sprites_manager::reserved_handles_count()
 .text._ZN2bn15sprites_manager39fill_hblank_effect_horizontal_positionsEPviPKNS_7fixed_tILi12EEEPt
                0x0800fc80       0x4c bn_sprites_manager.o
                0x0800fc80                bn::sprites_manager::fill_hblank_effect_horizontal_positions(void*, int, bn::fixed_t<12> const*, unsigned short*)
 .text._ZN2bn15sprites_manager37fill_hblank_effect_vertical_positionsEPviPKNS_7fixed_tILi12EEEPt
                0x0800fccc       0x4c bn_sprites_manager.o
                0x0800fccc                bn::sprites_manager::fill_hblank_effect_vertical_positions(void*, int, bn::fixed_t<12> const*, unsigned short*)
 .text._ZN2bn15sprites_manager35fill_hblank_effect_first_attributesEiNS_12sprite_shapeENS_8bpp_modeEiPKNS_23sprite_first_attributesEPt
                0x0800fd18       0xc8 bn_sprites_manager.o
                0x0800fd18                bn::sprites_manager::fill_hblank_effect_first_attributes(int, bn::sprite_shape, bn::bpp_mode, int, bn::sprite_first_attributes const*, unsigned short*)
 .text._ZN2bn15sprites_manager44fill_hblank_effect_regular_second_attributesEPviNS_11sprite_sizeEPKNS_32sprite_regular_second_attributesEPt
                0x0800fde0       0x60 bn_sprites_manager.o
                0x0800fde0                bn::sprites_manager::fill_hblank_effect_regular_second_attributes(void*, int, bn::sprite_size, bn::sprite_regular_second_attributes const*, unsigned short*)
 .text._ZN2bn15sprites_manager43fill_hblank_effect_affine_second_attributesEPviNS_11sprite_sizeEPKNS_31sprite_affine_second_attributesEPt
                0x0800fe40       0x58 bn_sprites_manager.o
                0x0800fe40                bn::sprites_manager::fill_hblank_effect_affine_second_attributes(void*, int, bn::sprite_size, bn::sprite_affine_second_attributes const*, unsigned short*)
 .text._ZN2bn15sprites_manager14update_camerasEv
                0x0800fe98       0x20 bn_sprites_manager.o
                0x0800fe98                bn::sprites_manager::update_cameras()
 .text._ZN2bn15sprites_manager23update_auto_double_sizeEPv
                0x0800feb8       0x2c bn_sprites_manager.o
                0x0800feb8                bn::sprites_manager::update_auto_double_size(void*)
 .text._ZN2bn15sprites_manager6commitEb
                0x0800fee4       0xa4 bn_sprites_manager.o
                0x0800fee4                bn::sprites_manager::commit(bool)
 .text._ZN2bn14sprite_builder20set_blending_enabledEb
                0x0800ff88       0x3c bn_sprites_manager.o
                0x0800ff88                bn::sprite_builder::set_blending_enabled(bool)
 .text._ZNK2bn10sprite_ptr10dimensionsEv
                0x0800ffc4       0x68 bn_sprites_manager.o
                0x0800ffc4                bn::sprite_ptr::dimensions() const
 .text._ZNK2bn17sprite_shape_size6heightEv.isra.0
                0x0801002c       0xcc bn_sprites_manager.o
 .text._ZNK2bn17sprite_shape_size5widthEv.isra.0
                0x080100f8       0xc8 bn_sprites_manager.o
 .text._ZN2bn8optionalINS_18sprite_palette_ptrEEdeEv.part.0
                0x080101c0       0x28 bn_sprites_manager.o
 .text._ZN2bn15sprites_manager12_GLOBAL__N_1L18_remove_affine_matERNS_20sprites_manager_itemE
                0x080101e8       0xc4 bn_sprites_manager.o
 .text._ZN2bn15sprites_manager42remove_identity_affine_mat_when_not_neededEPv
                0x080102ac        0xc bn_sprites_manager.o
                0x080102ac                bn::sprites_manager::remove_identity_affine_mat_when_not_needed(void*)
 .text._ZN2bn8optionalINS_16sprite_tiles_ptrEEptEv.part.0
                0x080102b8       0x28 bn_sprites_manager.o
 .text._ZNK2bn8optionalINS_16sprite_tiles_ptrEEdeEv.part.0
                0x080102e0       0x28 bn_sprites_manager.o
 .text._ZN2bn15sprites_manager7paletteEPv
                0x08010308       0x14 bn_sprites_manager.o
                0x08010308                bn::sprites_manager::palette(void*)
 .text._ZN2bn20sprites_manager_item13_builder_initERKNS_14sprite_builderE
                0x0801031c      0x320 bn_sprites_manager.o
                0x0801031c                bn::sprites_manager_item::_builder_init(bn::sprite_builder const&)
 .text._ZNK2bn20sprites_manager_item15new_double_sizeEi.part.0
                0x0801063c       0x30 bn_sprites_manager.o
 .text._ZN2bn15sprites_manager12_GLOBAL__N_1L18_assign_affine_matEbRNS_20sprites_manager_itemEONS_21sprite_affine_mat_ptrE
                0x0801066c      0x110 bn_sprites_manager.o
 .text._ZN2bn15sprites_manager18set_new_affine_matEPvRNS_21affine_mat_attributesE
                0x0801077c       0x84 bn_sprites_manager.o
                0x0801077c                bn::sprites_manager::set_new_affine_mat(void*, bn::affine_mat_attributes&)
 .text._ZN2bn14sprite_builder11set_z_orderEi
                0x08010800       0x48 bn_sprites_manager.o
                0x08010800                bn::sprite_builder::set_z_order(int)
 .text._ZN2bn10sprite_ptr9set_scaleENS_7fixed_tILi12EEE
                0x08010848       0xbc bn_sprites_manager.o
                0x08010848                bn::sprite_ptr::set_scale(bn::fixed_t<12>)
 .text._ZN2bn14sprite_builderC2ERKNS_17sprite_shape_sizeENS_16sprite_tiles_ptrENS_18sprite_palette_ptrE
                0x08010904      0x26c bn_sprites_manager.o
                0x08010904                bn::sprite_builder::sprite_builder(bn::sprite_shape_size const&, bn::sprite_tiles_ptr, bn::sprite_palette_ptr)
                0x08010904                bn::sprite_builder::sprite_builder(bn::sprite_shape_size const&, bn::sprite_tiles_ptr, bn::sprite_palette_ptr)
 .text._ZN2bn14sprite_builder15set_bg_priorityEi
                0x08010b70       0x38 bn_sprites_manager.o
                0x08010b70                bn::sprite_builder::set_bg_priority(int)
 .text._ZN2bn15sprites_manager6updateEv
                0x08010ba8      0x13c bn_sprites_manager.o
                0x08010ba8                bn::sprites_manager::update()
 .text._ZN3_bn6assert9show_argsIJA27_ciA4_ciEEEvPKcS5_S5_iDpRKT_
                0x08010ce4       0x58 bn_sprites_manager.o
                0x08010ce4                void _bn::assert::show_args<char [27], int, char [4], int>(char const*, char const*, char const*, int, char const (&) [27], int const&, char const (&) [4], int const&)
 .text._ZN2bn15sprites_manager35fill_hblank_effect_third_attributesENS_17sprite_shape_sizeEPKNS_23sprite_third_attributesEPt
                0x08010d3c      0x2c0 bn_sprites_manager.o
                0x08010d3c                bn::sprites_manager::fill_hblank_effect_third_attributes(bn::sprite_shape_size, bn::sprite_third_attributes const*, unsigned short*)
 .text._ZN2bn14sorted_sprites6sorter6insertERNS_20sprites_manager_itemE
                0x08010ffc      0x184 bn_sprites_manager.o
                0x08010ffc                bn::sorted_sprites::sorter::insert(bn::sprites_manager_item&)
 .text._ZN2bn15sprites_manager6createERKNS_13fixed_point_tILi12EEERKNS_17sprite_shape_sizeEONS_16sprite_tiles_ptrEONS_18sprite_palette_ptrE
                0x08011180      0x1cc bn_sprites_manager.o
                0x08011180                bn::sprites_manager::create(bn::fixed_point_t<12> const&, bn::sprite_shape_size const&, bn::sprite_tiles_ptr&&, bn::sprite_palette_ptr&&)
 .text._ZNK2bn11sprite_item13create_spriteENS_7fixed_tILi12EEES2_
                0x0801134c       0x44 bn_sprites_manager.o
                0x0801134c                bn::sprite_item::create_sprite(bn::fixed_t<12>, bn::fixed_t<12>) const
 .text._ZN2bn15sprites_manager6createEONS_14sprite_builderE
                0x08011390      0x1f8 bn_sprites_manager.o
                0x08011390                bn::sprites_manager::create(bn::sprite_builder&&)
 .text._ZN2bn10sprite_ptr6createEONS_14sprite_builderE
                0x08011588       0x14 bn_sprites_manager.o
                0x08011588                bn::sprite_ptr::create(bn::sprite_builder&&)
 .text._ZN2bn14intrusive_listINS_20sprites_manager_itemEE5eraseENS2_14const_iteratorE.part.0
                0x0801159c       0x28 bn_sprites_manager.o
 .text._ZN2bn15sprites_manager15decrease_usagesEPv
                0x080115c4      0x164 bn_sprites_manager.o
                0x080115c4                bn::sprites_manager::decrease_usages(void*)
 .text._ZN2bn10sprite_ptrD2Ev
                0x08011728       0x18 bn_sprites_manager.o
                0x08011728                bn::sprite_ptr::~sprite_ptr()
                0x08011728                bn::sprite_ptr::~sprite_ptr()
 .text._ZN2bn13ostringstreamC2ERNS_12istring_baseE
                0x08011740        0x8 bn_sstream.o
                0x08011740                bn::ostringstream::ostringstream(bn::istring_base&)
                0x08011740                bn::ostringstream::ostringstream(bn::istring_base&)
 .text._ZNK2bn13ostringstream4sizeEv
                0x08011748        0x8 bn_sstream.o
                0x08011748                bn::ostringstream::size() const
 .text._ZN2bn12_GLOBAL__N_1L14_append_numberILi12EiEEvT0_RNS_7istringE
                0x08011750      0x104 bn_sstream.o
 .text._ZN2bn13ostringstream6appendEi
                0x08011854       0x14 bn_sstream.o
                0x08011854                bn::ostringstream::append(int)
 .text._ZN2bn13ostringstream6appendEPKc
                0x08011868       0xac bn_sstream.o
                0x08011868                bn::ostringstream::append(char const*)
 .text._ZN2bn13ostringstream6appendERKNS_11string_viewE
                0x08011914       0xbc bn_sstream.o
                0x08011914                bn::ostringstream::append(bn::string_view const&)
 .text._ZN2bn13ostringstream6appendEj
                0x080119d0      0x118 bn_sstream.o
                0x080119d0                bn::ostringstream::append(unsigned int)
 .text._ZN2bn13ostringstream6appendEPKv
                0x08011ae8      0x154 bn_sstream.o
                0x08011ae8                bn::ostringstream::append(void const*)
 .text._ZN2bn7istring9push_backEc.part.0
                0x08011c3c       0x28 bn_sstream.o
 .text._ZN2bn13ostringstream16_append_fractionEji
                0x08011c64      0x104 bn_sstream.o
                0x08011c64                bn::ostringstream::_append_fraction(unsigned int, int)
 .text._ZN2bn13ostringstream6appendEc
                0x08011d68       0x24 bn_sstream.o
                0x08011d68                bn::ostringstream::append(char)
 .text._ZN2bn18igeneric_pool_baseC2EPci
                0x08011d8c       0x10 bn_translation_unit.o
                0x08011d8c                bn::igeneric_pool_base::igeneric_pool_base(char*, int)
                0x08011d8c                bn::igeneric_pool_base::igeneric_pool_base(char*, int)
 .text._ZN2bn18igeneric_pool_base5_freeEPc
                0x08011d9c       0x10 bn_translation_unit.o
                0x08011d9c                bn::igeneric_pool_base::_free(char*)
 .text._ZN2bn5timerC2Ev
                0x08011dac       0x24 bn_translation_unit.o
                0x08011dac                bn::timer::timer()
                0x08011dac                bn::timer::timer()
 .text._ZNK2bn5timer13elapsed_ticksEv
                0x08011dd0       0x2c bn_translation_unit.o
                0x08011dd0                bn::timer::elapsed_ticks() const
 .text._ZN2bn5timer7restartEv
                0x08011dfc       0x28 bn_translation_unit.o
                0x08011dfc                bn::timer::restart()
 .text._ZN2bn3logERKNS_12istring_baseE
                0x08011e24       0x58 bn_translation_unit.o
                0x08011e24                bn::log(bn::istring_base const&)
 .text._ZN2bn18igeneric_pool_base9_allocateEv
                0x08011e7c       0x48 bn_translation_unit.o
                0x08011e7c                bn::igeneric_pool_base::_allocate()
 .text._ZN2bn2hw5audio12_GLOBAL__N_1L21_maxmod_event_handlerEjj
                0x08011ec4       0x38 bn_hw_audio.o
 .text._ZN2bn2hw5audio4initEv
                0x08011efc       0x7c bn_hw_audio.o
                0x08011efc                bn::hw::audio::init()
 .text._ZN2bn2hw5audio7disableEv
                0x08011f78       0x18 bn_hw_audio.o
                0x08011f78                bn::hw::audio::disable()
 .text._ZN2bn2hw5audio13update_eventsEb
                0x08011f90       0x6c bn_hw_audio.o
                0x08011f90                bn::hw::audio::update_events(bool)
 .text._ZN2bn2hw5audio13music_playingEv
                0x08011ffc       0x20 bn_hw_audio.o
                0x08011ffc                bn::hw::audio::music_playing()
 .text._ZN2bn2hw5audio10play_musicEib
                0x0801201c       0x1c bn_hw_audio.o
                0x0801201c                bn::hw::audio::play_music(int, bool)
 .text._ZN2bn2hw5audio10stop_musicEv
                0x08012038       0x18 bn_hw_audio.o
                0x08012038                bn::hw::audio::stop_music()
 .text._ZN2bn2hw5audio11pause_musicEv
                0x08012050       0x18 bn_hw_audio.o
                0x08012050                bn::hw::audio::pause_music()
 .text._ZN2bn2hw5audio12resume_musicEv
                0x08012068       0x18 bn_hw_audio.o
                0x08012068                bn::hw::audio::resume_music()
 .text._ZN2bn2hw5audio14jingle_playingEv
                0x08012080       0x20 bn_hw_audio.o
                0x08012080                bn::hw::audio::jingle_playing()
 .text._ZN2bn2hw5audio11play_jingleEi
                0x080120a0       0x1c bn_hw_audio.o
                0x080120a0                bn::hw::audio::play_jingle(int)
 .text._ZN2bn2hw5audio11stop_jingleEv
                0x080120bc       0x18 bn_hw_audio.o
                0x080120bc                bn::hw::audio::stop_jingle()
 .text._ZN2bn2hw5audio12pause_jingleEv
                0x080120d4       0x18 bn_hw_audio.o
                0x080120d4                bn::hw::audio::pause_jingle()
 .text._ZN2bn2hw5audio13resume_jingleEv
                0x080120ec       0x18 bn_hw_audio.o
                0x080120ec                bn::hw::audio::resume_jingle()
 .text._ZN3_bn6assert9show_argsIA43_cEEvPKcS4_S4_iRKT_
                0x08012104       0x48 bn_hw_audio.o
                0x08012104                void _bn::assert::show_args<char [43]>(char const*, char const*, char const*, int, char const (&) [43])
 .text._ZN2bn2hw5audio15set_mixing_rateENS_17audio_mixing_rateE
                0x0801214c       0xc0 bn_hw_audio.o
                0x0801214c                bn::hw::audio::set_mixing_rate(bn::audio_mixing_rate)
 .text._ZN2bn2hw5audio15set_sound_speedEtNS_7fixed_tILi12EEES3_
                0x0801220c       0x78 bn_hw_audio.o
                0x0801220c                bn::hw::audio::set_sound_speed(unsigned short, bn::fixed_t<12>, bn::fixed_t<12>)
 .text._ZN2bn13iforward_listINS_2hw5audio12_GLOBAL__N_110sound_typeEE11erase_afterENS5_14const_iteratorE.part.0
                0x08012284       0x28 bn_hw_audio.o
 .text._ZN2bn2hw5audio12_GLOBAL__N_1L19_add_sound_to_queueEit
                0x080122ac       0x98 bn_hw_audio.o
 .text._ZN2bn2hw5audio12_GLOBAL__N_1L23_erase_sound_from_queueEt
                0x08012344       0x7c bn_hw_audio.o
 .text._ZN2bn2hw5audio10stop_soundEt
                0x080123c0       0x20 bn_hw_audio.o
                0x080123c0                bn::hw::audio::stop_sound(unsigned short)
 .text._ZN2bn2hw5audio13release_soundEt
                0x080123e0       0x20 bn_hw_audio.o
                0x080123e0                bn::hw::audio::release_sound(unsigned short)
 .text._ZN2bn2hw5audio15stop_all_soundsEv
                0x08012400       0x60 bn_hw_audio.o
                0x08012400                bn::hw::audio::stop_all_sounds()
 .text._ZN2bn2hw5audio19update_sounds_queueEv
                0x08012460       0x78 bn_hw_audio.o
                0x08012460                bn::hw::audio::update_sounds_queue()
 .text._ZN2bn2hw5audio12_GLOBAL__N_1L19_check_sounds_queueEi.part.0
                0x080124d8       0xa8 bn_hw_audio.o
 .text._ZN2bn2hw5audio10play_soundEiiNS_7fixed_tILi12EEES3_S3_
                0x08012580       0xd4 bn_hw_audio.o
                0x08012580                bn::hw::audio::play_sound(int, int, bn::fixed_t<12>, bn::fixed_t<12>, bn::fixed_t<12>)
 .text._ZN2bn2hw5audio10play_soundEii
                0x08012654       0x54 bn_hw_audio.o
                0x08012654                bn::hw::audio::play_sound(int, int)
 .text.__libc_init_array
                0x080126a8       0x50 bn_hw_common.bn_noflto.o
                0x080126a8                __libc_init_array
 .text._ZN3_bn6assert9show_argsIA40_cEEvPKcS4_S4_iRKT_
                0x080126f8       0x48 bn_hw_common.bn_noflto.o
                0x080126f8                void _bn::assert::show_args<char [40]>(char const*, char const*, char const*, int, char const (&) [40])
 .text.__aeabi_idiv0
                0x08012740       0x24 bn_hw_common.bn_noflto.o
                0x08012740                __aeabi_idiv0
 .text.free     0x08012764        0xc bn_hw_cstdlib.o
                0x08012764                free
 .text._ZN2bn2hw9dmg_audio4initEv
                0x08012770       0x18 bn_hw_dmg_audio.o
                0x08012770                bn::hw::dmg_audio::init()
 .text._ZN2bn2hw9dmg_audio7disableEv
                0x08012788       0x18 bn_hw_dmg_audio.o
                0x08012788                bn::hw::dmg_audio::disable()
 .text._ZN2bn2hw9dmg_audio13music_playingEv
                0x080127a0       0x28 bn_hw_dmg_audio.o
                0x080127a0                bn::hw::dmg_audio::music_playing()
 .text._ZN2bn2hw9dmg_audio10stop_musicEv
                0x080127c8       0x24 bn_hw_dmg_audio.o
                0x080127c8                bn::hw::dmg_audio::stop_music()
 .text._ZN2bn2hw9dmg_audio11pause_musicEv
                0x080127ec       0x24 bn_hw_dmg_audio.o
                0x080127ec                bn::hw::dmg_audio::pause_music()
 .text._ZN2bn2hw9dmg_audio12resume_musicEv
                0x08012810       0x24 bn_hw_dmg_audio.o
                0x08012810                bn::hw::dmg_audio::resume_music()
 .text._ZN2bn2hw9dmg_audio14music_positionERiS2_
                0x08012834       0x2c bn_hw_dmg_audio.o
                0x08012834                bn::hw::dmg_audio::music_position(int&, int&)
 .text._ZN2bn2hw9dmg_audio6commitEv
                0x08012860       0x34 bn_hw_dmg_audio.o
                0x08012860                bn::hw::dmg_audio::commit()
 .text._ZN3_bn6assert9show_argsIA38_ciEEvPKcS4_S4_iRKT_RKT0_
                0x08012894       0x54 bn_hw_dmg_audio.o
                0x08012894                void _bn::assert::show_args<char [38], int>(char const*, char const*, char const*, int, char const (&) [38], int const&)
 .text._ZN2bn2hw9dmg_audio10play_musicEPKvNS_14dmg_music_typeEib
                0x080128e8       0x84 bn_hw_dmg_audio.o
                0x080128e8                bn::hw::dmg_audio::play_music(void const*, bn::dmg_music_type, int, bool)
 .text._ZN2bn2hw9dmg_audio18set_music_positionEii
                0x0801296c       0x4c bn_hw_dmg_audio.o
                0x0801296c                bn::hw::dmg_audio::set_music_position(int, int)
 .text._ZN2bn2hw9dmg_audio16set_music_volumeENS_7fixed_tILi12EEES3_
                0x080129b8       0x50 bn_hw_dmg_audio.o
                0x080129b8                bn::hw::dmg_audio::set_music_volume(bn::fixed_t<12>, bn::fixed_t<12>)